<html>
<body>
<pre>
<h1>µVision Build Log</h1>
<h2>Tool Versions:</h2>
IDE-Version: ¦ÌVision V5.29.0.0
Copyright (C) 2019 ARM Ltd and ARM Germany GmbH. All rights reserved.
License Information: Mingo ASUS, UESTC, LIC=2TTTG-VRKA1-LVM1I-TJA9X-RE7BJ-RNH67
 
Tool Versions:
Toolchain:       MDK-ARM Professional  Version: 5.29.0.0
Toolchain Path:  D:\Program Files\Keil\Keil_v5\ARM\ARMCC\Bin
C Compiler:      Armcc.exe V5.06 update 6 (build 750)
Assembler:       Armasm.exe V5.06 update 6 (build 750)
Linker/Locator:  ArmLink.exe V5.06 update 6 (build 750)
Library Manager: ArmAr.exe V5.06 update 6 (build 750)
Hex Converter:   FromElf.exe V5.06 update 6 (build 750)
CPU DLL:         SARMCM3.DLL V5.29.0.0
Dialog DLL:      DCM.DLL V1.17.3.0
Target DLL:      CMSIS_AGDI.dll V1.32.0.0
Dialog DLL:      TCM.DLL V1.36.5.0
 
<h2>Project:</h2>
G:\SoC\Projects\CortexM3_soc\Keil\soc.uvprojx
Project File Date:  11/15/2021

<h2>Output:</h2>
*** Using Compiler 'V5.06 update 6 (build 750)', folder: 'D:\Program Files\Keil\Keil_v5\ARM\ARMCC\Bin'
Rebuild target 'Target 1'
compiling keyboard.c...
compiling handler.c...
compiling gpio.c...
compiling acc.c...
compiling dma.c...
compiling lcd.c...
..\Software\no_camera_new\lcd.c(396): warning:  #167-D: argument of type "volatile uint32_t *" is incompatible with parameter of type "uint32_t"
  	LCD_DMA((&IMAGE->IMAGESRC[num][0]),2,76800);
..\Software\no_camera_new\lcd.c: 1 warning, 0 errors
compiling camera.c...
assembling startup_CM3DS.s...
compiling resizer.c...
compiling systick.c...
compiling main.c...
..\Software\no_camera_new\main.c(10): warning:  #167-D: argument of type "volatile uint32_t *" is incompatible with parameter of type "uint32_t"
          if(i>0) DMA(&IMAGE->IMAGESRC[i][0],&IMAGE->IMAGESRC[0][0],2,76800);
..\Software\no_camera_new\main.c(10): warning:  #167-D: argument of type "volatile uint32_t *" is incompatible with parameter of type "uint32_t"
          if(i>0) DMA(&IMAGE->IMAGESRC[i][0],&IMAGE->IMAGESRC[0][0],2,76800);
..\Software\no_camera_new\main.c(11): warning:  #167-D: argument of type "volatile uint32_t *" is incompatible with parameter of type "uint32_t"
          else    DMA(&IMAGE->IMAGESRC[i][0],&IMAGE->reserved_ddr[0],2,76800);
..\Software\no_camera_new\main.c(11): warning:  #167-D: argument of type "uint32_t *" is incompatible with parameter of type "uint32_t"
          else    DMA(&IMAGE->IMAGESRC[i][0],&IMAGE->reserved_ddr[0],2,76800);
..\Software\no_camera_new\main.c: 4 warnings, 0 errors
compiling Retarget.c...
compiling test_acc.c...
compiling system_init.c...
compiling timer.c...
compiling uart.c...
linking...
Program Size: Code=4916 RO-data=6192 RW-data=12 ZI-data=32772  
After Build - User command #1: fromelf -cvf .\soc.axf --vhx --32x1 -o image.hex
After Build - User command #2: fromelf -cvf .\soc.axf -o image.txt
".\soc.axf" - 0 Error(s), 5 Warning(s).

<h2>Software Packages used:</h2>

Package Vendor: Keil
                http://www.keil.com/pack/Keil.V2M-MPS2_CMx_BSP.1.7.0.pack
                Keil.V2M-MPS2_CMx_BSP.1.7.0
                ARM V2M-MPS2 Board Support PACK for Cortex-M System Design Kit Devices

<h2>Collection of Component include folders:</h2>
  .\RTE\_Target_1
  D:\Program Files\Keil\Keil_v5\Arm\Packs\Keil\V2M-MPS2_CMx_BSP\1.7.0\Device\CMSDK_CM3\Include

<h2>Collection of Component Files used:</h2>
Build Time Elapsed:  00:00:02
</pre>
</body>
</html>
