#-----------------------------------------------------------
# Vivado v2019.2 (64-bit)
# SW Build 2708876 on Wed Nov  6 21:40:23 MST 2019
# IP Build 2700528 on Thu Nov  7 00:09:20 MST 2019
# Start of session at: Wed Oct 13 20:23:49 2021
# Process ID: 1872
# Current directory: G:/SoC/Projects/CortexM3_soc/Vivado/CortexM3_SoC200T_withCamera
# Command line: vivado.exe -gui_launcher_event rodinguilauncherevent13860 G:\SoC\Projects\CortexM3_soc\Vivado\CortexM3_SoC200T_withCamera\CortexM3_SoC200T.xpr
# Log file: G:/SoC/Projects/CortexM3_soc/Vivado/CortexM3_SoC200T_withCamera/vivado.log
# Journal file: G:/SoC/Projects/CortexM3_soc/Vivado/CortexM3_SoC200T_withCamera\vivado.jou
#-----------------------------------------------------------
start_gui
open_project G:/SoC/Projects/CortexM3_soc/Vivado/CortexM3_SoC200T_withCamera/CortexM3_SoC200T.xpr
open_hw_manager
connect_hw_server -allow_non_jtag
open_hw_target
set_property PROGRAM.FILE {G:/SoC/Projects/CortexM3_soc/Vivado/CortexM3_SoC200T_withCamera/CortexM3_SoC200T.runs/impl_1/CortexM3_Soc.bit} [get_hw_devices xc7a200t_0]
set_property PROBES.FILE {G:/SoC/Projects/CortexM3_soc/Vivado/CortexM3_SoC200T_withCamera/CortexM3_SoC200T.runs/impl_1/CortexM3_Soc.ltx} [get_hw_devices xc7a200t_0]
set_property FULL_PROBES.FILE {G:/SoC/Projects/CortexM3_soc/Vivado/CortexM3_SoC200T_withCamera/CortexM3_SoC200T.runs/impl_1/CortexM3_Soc.ltx} [get_hw_devices xc7a200t_0]
current_hw_device [get_hw_devices xc7a200t_0]
refresh_hw_device [lindex [get_hw_devices xc7a200t_0] 0]
create_hw_cfgmem -hw_device [get_hw_devices xc7a200t_0] -mem_dev [lindex [get_cfgmem_parts {mt25ql128-spi-x1_x2_x4}] 0]
set_property PROBES.FILE {G:/SoC/Projects/CortexM3_soc/Vivado/CortexM3_SoC200T_withCamera/CortexM3_SoC200T.runs/impl_1/CortexM3_Soc.ltx} [get_hw_devices xc7a200t_0]
set_property FULL_PROBES.FILE {G:/SoC/Projects/CortexM3_soc/Vivado/CortexM3_SoC200T_withCamera/CortexM3_SoC200T.runs/impl_1/CortexM3_Soc.ltx} [get_hw_devices xc7a200t_0]
set_property PROGRAM.FILE {G:/SoC/Projects/CortexM3_soc/Vivado/CortexM3_SoC200T_withCamera/CortexM3_SoC200T.runs/impl_1/CortexM3_Soc.bit} [get_hw_devices xc7a200t_0]
program_hw_devices [get_hw_devices xc7a200t_0]
refresh_hw_device [lindex [get_hw_devices xc7a200t_0] 0]
display_hw_ila_data [ get_hw_ila_data hw_ila_data_1 -of_objects [get_hw_ilas -of_objects [get_hw_devices xc7a200t_0] -filter {CELL_NAME=~"u_ila_0"}]]
display_hw_ila_data [ get_hw_ila_data hw_ila_data_2 -of_objects [get_hw_ilas -of_objects [get_hw_devices xc7a200t_0] -filter {CELL_NAME=~"u_ila_1"}]]
run_hw_ila [get_hw_ilas -of_objects [get_hw_devices xc7a200t_0] -filter {CELL_NAME=~"u_ila_0"}]
run_hw_ila [get_hw_ilas -of_objects [get_hw_devices xc7a200t_0] -filter {CELL_NAME=~"u_ila_0"}]
run_hw_ila [get_hw_ilas -of_objects [get_hw_devices xc7a200t_0] -filter {CELL_NAME=~"u_ila_1"}]
wait_on_hw_ila [get_hw_ilas -of_objects [get_hw_devices xc7a200t_0] -filter {CELL_NAME=~"u_ila_1"}]
display_hw_ila_data [upload_hw_ila_data [get_hw_ilas -of_objects [get_hw_devices xc7a200t_0] -filter {CELL_NAME=~"u_ila_1"}]]
run_hw_ila [get_hw_ilas -of_objects [get_hw_devices xc7a200t_0] -filter {CELL_NAME=~"u_ila_0"}]
run_hw_ila [get_hw_ilas -of_objects [get_hw_devices xc7a200t_0] -filter {CELL_NAME=~"u_ila_0"}]
run_hw_ila [get_hw_ilas -of_objects [get_hw_devices xc7a200t_0] -filter {CELL_NAME=~"u_ila_0"}]
run_hw_ila [get_hw_ilas -of_objects [get_hw_devices xc7a200t_0] -filter {CELL_NAME=~"u_ila_1"}]
wait_on_hw_ila [get_hw_ilas -of_objects [get_hw_devices xc7a200t_0] -filter {CELL_NAME=~"u_ila_1"}]
display_hw_ila_data [upload_hw_ila_data [get_hw_ilas -of_objects [get_hw_devices xc7a200t_0] -filter {CELL_NAME=~"u_ila_1"}]]
set_property TRIGGER_COMPARE_VALUE eq1'bX [get_hw_probes CAMERA_VSYNC_IBUF -of_objects [get_hw_ilas -of_objects [get_hw_devices xc7a200t_0] -filter {CELL_NAME=~"u_ila_0"}]]
set_property TRIGGER_COMPARE_VALUE neq8'hXX [get_hw_probes CAMERA_DATA_IBUF -of_objects [get_hw_ilas -of_objects [get_hw_devices xc7a200t_0] -filter {CELL_NAME=~"u_ila_0"}]]
set_property TRIGGER_COMPARE_VALUE neq8'h00 [get_hw_probes CAMERA_DATA_IBUF -of_objects [get_hw_ilas -of_objects [get_hw_devices xc7a200t_0] -filter {CELL_NAME=~"u_ila_0"}]]
wait_on_hw_ila [get_hw_ilas -of_objects [get_hw_devices xc7a200t_0] -filter {CELL_NAME=~"u_ila_0"}]
display_hw_ila_data [upload_hw_ila_data [get_hw_ilas -of_objects [get_hw_devices xc7a200t_0] -filter {CELL_NAME=~"u_ila_0"}]]
run_hw_ila [get_hw_ilas -of_objects [get_hw_devices xc7a200t_0] -filter {CELL_NAME=~"u_ila_0"}]
wait_on_hw_ila [get_hw_ilas -of_objects [get_hw_devices xc7a200t_0] -filter {CELL_NAME=~"u_ila_0"}]
display_hw_ila_data [upload_hw_ila_data [get_hw_ilas -of_objects [get_hw_devices xc7a200t_0] -filter {CELL_NAME=~"u_ila_0"}]]
run_hw_ila [get_hw_ilas -of_objects [get_hw_devices xc7a200t_0] -filter {CELL_NAME=~"u_ila_1"}]
wait_on_hw_ila [get_hw_ilas -of_objects [get_hw_devices xc7a200t_0] -filter {CELL_NAME=~"u_ila_1"}]
display_hw_ila_data [upload_hw_ila_data [get_hw_ilas -of_objects [get_hw_devices xc7a200t_0] -filter {CELL_NAME=~"u_ila_1"}]]
run_hw_ila [get_hw_ilas -of_objects [get_hw_devices xc7a200t_0] -filter {CELL_NAME=~"u_ila_0"}]
wait_on_hw_ila [get_hw_ilas -of_objects [get_hw_devices xc7a200t_0] -filter {CELL_NAME=~"u_ila_0"}]
display_hw_ila_data [upload_hw_ila_data [get_hw_ilas -of_objects [get_hw_devices xc7a200t_0] -filter {CELL_NAME=~"u_ila_0"}]]
save_wave_config {G:/SoC/Projects/CortexM3_soc/Vivado/CortexM3_SoC200T_withCamera/CortexM3_SoC200T.hw/hw_1/wave/hw_ila_data_1/hw_ila_data_1.wcfg}
save_wave_config {G:/SoC/Projects/CortexM3_soc/Vivado/CortexM3_SoC200T_withCamera/CortexM3_SoC200T.hw/hw_1/wave/hw_ila_data_2/hw_ila_data_2.wcfg}
close_hw_manager
reset_run synth_1
launch_runs synth_1 -jobs 8
wait_on_run synth_1
open_hw_manager
connect_hw_server -allow_non_jtag
open_hw_target
current_hw_device [get_hw_devices xc7a200t_0]
refresh_hw_device -update_hw_probes false [lindex [get_hw_devices xc7a200t_0] 0]
create_hw_cfgmem -hw_device [get_hw_devices xc7a200t_0] -mem_dev [lindex [get_cfgmem_parts {mt25ql128-spi-x1_x2_x4}] 0]
set_property PROBES.FILE {G:/SoC/CortexM3_Soc.ltx} [get_hw_devices xc7a200t_0]
set_property FULL_PROBES.FILE {G:/SoC/CortexM3_Soc.ltx} [get_hw_devices xc7a200t_0]
set_property PROGRAM.FILE {G:/SoC/CortexM3_Soc.bit} [get_hw_devices xc7a200t_0]
program_hw_devices [get_hw_devices xc7a200t_0]
refresh_hw_device [lindex [get_hw_devices xc7a200t_0] 0]
display_hw_ila_data [ get_hw_ila_data hw_ila_data_1 -of_objects [get_hw_ilas -of_objects [get_hw_devices xc7a200t_0] -filter {CELL_NAME=~"u_ila_0"}]]
display_hw_ila_data [ get_hw_ila_data hw_ila_data_2 -of_objects [get_hw_ilas -of_objects [get_hw_devices xc7a200t_0] -filter {CELL_NAME=~"u_ila_1"}]]
launch_runs impl_1 -jobs 8
wait_on_run impl_1
add_wave -into {hw_ila_data_1.wcfg} -radix hex { {DDR/HREADY} }
add_wave -into {hw_ila_data_1.wcfg} -radix hex { {DDR/HBURST} {DDR/HREADY} {DDR/HREADYOUT} {DDR/HRESP} {DDR/HSEL} {DDR/HSIZE} {DDR/HTRANS} {DDR/HWRITE} }
set_property TRIGGER_COMPARE_VALUE eq2'h2 [get_hw_probes DDR/HTRANS -of_objects [get_hw_ilas -of_objects [get_hw_devices xc7a200t_0] -filter {CELL_NAME=~"u_ila_0"}]]
set_property TRIGGER_COMPARE_VALUE eq2'b10 [get_hw_probes DDR/HTRANS -of_objects [get_hw_ilas -of_objects [get_hw_devices xc7a200t_0] -filter {CELL_NAME=~"u_ila_0"}]]
set_property TRIGGER_COMPARE_VALUE eq1'b0 [get_hw_probes DDR/HWRITE -of_objects [get_hw_ilas -of_objects [get_hw_devices xc7a200t_0] -filter {CELL_NAME=~"u_ila_0"}]]
run_hw_ila [get_hw_ilas -of_objects [get_hw_devices xc7a200t_0] -filter {CELL_NAME=~"u_ila_0"}]
run_hw_ila [get_hw_ilas -of_objects [get_hw_devices xc7a200t_0] -filter {CELL_NAME=~"u_ila_0"}]
launch_runs impl_1 -to_step write_bitstream -jobs 8
wait_on_run impl_1
set_property PROBES.FILE {G:/SoC/Projects/CortexM3_soc/Vivado/CortexM3_SoC200T_withCamera/CortexM3_SoC200T.runs/impl_1/CortexM3_Soc.ltx} [get_hw_devices xc7a200t_0]
set_property FULL_PROBES.FILE {G:/SoC/Projects/CortexM3_soc/Vivado/CortexM3_SoC200T_withCamera/CortexM3_SoC200T.runs/impl_1/CortexM3_Soc.ltx} [get_hw_devices xc7a200t_0]
set_property PROGRAM.FILE {G:/SoC/Projects/CortexM3_soc/Vivado/CortexM3_SoC200T_withCamera/CortexM3_SoC200T.runs/impl_1/CortexM3_Soc.bit} [get_hw_devices xc7a200t_0]
program_hw_devices [get_hw_devices xc7a200t_0]
refresh_hw_device [lindex [get_hw_devices xc7a200t_0] 0]
add_wave -into {hw_ila_data_1.wcfg} -radix hex { {CAMERA_DATA_IBUF} {CAMERA_HREF_IBUF} {CAMERA_VSYNC_IBUF} }
add_wave -into {hw_ila_data_2.wcfg} -radix hex { {AHB_to_CAMERA/sdai} {AHB_to_CAMERA/sdao} {CAMEARA/DATA_VALID} {CAMEARA/state} {CAMERA_PWDN_OBUF} {CAMERA_RST_OBUF} {CAMERA_SCL_OBUF} }
run_hw_ila [get_hw_ilas -of_objects [get_hw_devices xc7a200t_0] -filter {CELL_NAME=~"u_ila_1"}]
run_hw_ila [get_hw_ilas -of_objects [get_hw_devices xc7a200t_0] -filter {CELL_NAME=~"u_ila_0"}]
wait_on_hw_ila [get_hw_ilas -of_objects [get_hw_devices xc7a200t_0] -filter {CELL_NAME=~"u_ila_0"}]
display_hw_ila_data [upload_hw_ila_data [get_hw_ilas -of_objects [get_hw_devices xc7a200t_0] -filter {CELL_NAME=~"u_ila_0"}]]
set_property TRIGGER_COMPARE_VALUE eq8'hXX [get_hw_probes CAMERA_DATA_IBUF -of_objects [get_hw_ilas -of_objects [get_hw_devices xc7a200t_0] -filter {CELL_NAME=~"u_ila_0"}]]
set_property TRIGGER_COMPARE_VALUE eq1'b1 [get_hw_probes CAMERA_VSYNC_IBUF -of_objects [get_hw_ilas -of_objects [get_hw_devices xc7a200t_0] -filter {CELL_NAME=~"u_ila_0"}]]
run_hw_ila [get_hw_ilas -of_objects [get_hw_devices xc7a200t_0] -filter {CELL_NAME=~"u_ila_0"}]
wait_on_hw_ila [get_hw_ilas -of_objects [get_hw_devices xc7a200t_0] -filter {CELL_NAME=~"u_ila_1"}]
display_hw_ila_data [upload_hw_ila_data [get_hw_ilas -of_objects [get_hw_devices xc7a200t_0] -filter {CELL_NAME=~"u_ila_1"}]]
wait_on_hw_ila -timeout 0 [get_hw_ilas -of_objects [get_hw_devices xc7a200t_0] -filter {CELL_NAME=~"u_ila_0"}]
upload_hw_ila_data [get_hw_ilas -of_objects [get_hw_devices xc7a200t_0] -filter {CELL_NAME=~"u_ila_0"}]
run_hw_ila [get_hw_ilas -of_objects [get_hw_devices xc7a200t_0] -filter {CELL_NAME=~"u_ila_0"}]
wait_on_hw_ila [get_hw_ilas -of_objects [get_hw_devices xc7a200t_0] -filter {CELL_NAME=~"u_ila_0"}]
display_hw_ila_data [upload_hw_ila_data [get_hw_ilas -of_objects [get_hw_devices xc7a200t_0] -filter {CELL_NAME=~"u_ila_0"}]]
save_wave_config {G:/SoC/Projects/CortexM3_soc/Vivado/CortexM3_SoC200T_withCamera/CortexM3_SoC200T.hw/hw_1/wave/hw_ila_data_1/hw_ila_data_1.wcfg}
save_wave_config {G:/SoC/Projects/CortexM3_soc/Vivado/CortexM3_SoC200T_withCamera/CortexM3_SoC200T.hw/hw_1/wave/hw_ila_data_2/hw_ila_data_2.wcfg}
close_hw_manager
reset_run synth_1
launch_runs impl_1 -to_step write_bitstream -jobs 8
wait_on_run impl_1
open_hw_manager
connect_hw_server -allow_non_jtag
open_hw_target
current_hw_device [get_hw_devices xc7a200t_0]
refresh_hw_device -update_hw_probes false [lindex [get_hw_devices xc7a200t_0] 0]
create_hw_cfgmem -hw_device [get_hw_devices xc7a200t_0] -mem_dev [lindex [get_cfgmem_parts {mt25ql128-spi-x1_x2_x4}] 0]
set_property PROBES.FILE {G:/SoC/CortexM3_Soc.ltx} [get_hw_devices xc7a200t_0]
set_property FULL_PROBES.FILE {G:/SoC/CortexM3_Soc.ltx} [get_hw_devices xc7a200t_0]
set_property PROGRAM.FILE {G:/SoC/CortexM3_Soc.bit} [get_hw_devices xc7a200t_0]
program_hw_devices [get_hw_devices xc7a200t_0]
refresh_hw_device [lindex [get_hw_devices xc7a200t_0] 0]
display_hw_ila_data [ get_hw_ila_data hw_ila_data_1 -of_objects [get_hw_ilas -of_objects [get_hw_devices xc7a200t_0] -filter {CELL_NAME=~"u_ila_0"}]]
display_hw_ila_data [ get_hw_ila_data hw_ila_data_2 -of_objects [get_hw_ilas -of_objects [get_hw_devices xc7a200t_0] -filter {CELL_NAME=~"u_ila_1"}]]
add_wave -into {hw_ila_data_1.wcfg} -radix hex { {ACC/conv_pool/status} {DDR/HBURST} {DDR/HREADY} {DDR/HREADYOUT} {DDR/HRESP} {DDR/HSEL} {DDR/HSIZE} {DDR/HTRANS} {DDR/HWRITE} }
run_hw_ila [get_hw_ilas -of_objects [get_hw_devices xc7a200t_0] -filter {CELL_NAME=~"u_ila_0"}]
wait_on_hw_ila [get_hw_ilas -of_objects [get_hw_devices xc7a200t_0] -filter {CELL_NAME=~"u_ila_0"}]
display_hw_ila_data [upload_hw_ila_data [get_hw_ilas -of_objects [get_hw_devices xc7a200t_0] -filter {CELL_NAME=~"u_ila_0"}]]
set_property PROBES.FILE {G:/SoC/CortexM3_Soc.ltx} [get_hw_devices xc7a200t_0]
set_property FULL_PROBES.FILE {G:/SoC/CortexM3_Soc.ltx} [get_hw_devices xc7a200t_0]
set_property PROGRAM.FILE {G:/SoC/CortexM3_Soc.bit} [get_hw_devices xc7a200t_0]
program_hw_devices [get_hw_devices xc7a200t_0]
refresh_hw_device [lindex [get_hw_devices xc7a200t_0] 0]
set_property PROBES.FILE {G:/SoC/Projects/CortexM3_soc/Vivado/CortexM3_SoC200T_withCamera/CortexM3_SoC200T.runs/impl_1/CortexM3_Soc.ltx} [get_hw_devices xc7a200t_0]
set_property FULL_PROBES.FILE {G:/SoC/Projects/CortexM3_soc/Vivado/CortexM3_SoC200T_withCamera/CortexM3_SoC200T.runs/impl_1/CortexM3_Soc.ltx} [get_hw_devices xc7a200t_0]
set_property PROGRAM.FILE {G:/SoC/Projects/CortexM3_soc/Vivado/CortexM3_SoC200T_withCamera/CortexM3_SoC200T.runs/impl_1/CortexM3_Soc.bit} [get_hw_devices xc7a200t_0]
program_hw_devices [get_hw_devices xc7a200t_0]
refresh_hw_device [lindex [get_hw_devices xc7a200t_0] 0]
refresh_hw_device [lindex [get_hw_devices xc7a200t_0] 0]
set_property PROBES.FILE {G:/SoC/Projects/CortexM3_soc/Vivado/CortexM3_SoC200T_withCamera/CortexM3_SoC200T.runs/impl_1/CortexM3_Soc.ltx} [get_hw_devices xc7a200t_0]
set_property FULL_PROBES.FILE {G:/SoC/Projects/CortexM3_soc/Vivado/CortexM3_SoC200T_withCamera/CortexM3_SoC200T.runs/impl_1/CortexM3_Soc.ltx} [get_hw_devices xc7a200t_0]
set_property PROGRAM.FILE {G:/SoC/Projects/CortexM3_soc/Vivado/CortexM3_SoC200T_withCamera/CortexM3_SoC200T.runs/impl_1/CortexM3_Soc.bit} [get_hw_devices xc7a200t_0]
program_hw_devices [get_hw_devices xc7a200t_0]
refresh_hw_device [lindex [get_hw_devices xc7a200t_0] 0]
refresh_hw_device [lindex [get_hw_devices xc7a200t_0] 0]
save_wave_config {G:/SoC/Projects/CortexM3_soc/Vivado/CortexM3_SoC200T_withCamera/CortexM3_SoC200T.hw/hw_1/wave/hw_ila_data_1/hw_ila_data_1.wcfg}
set_property PROBES.FILE {G:/SoC/Projects/CortexM3_soc/Vivado/CortexM3_SoC200T_withCamera/CortexM3_SoC200T.runs/impl_1/CortexM3_Soc.ltx} [get_hw_devices xc7a200t_0]
set_property FULL_PROBES.FILE {G:/SoC/Projects/CortexM3_soc/Vivado/CortexM3_SoC200T_withCamera/CortexM3_SoC200T.runs/impl_1/CortexM3_Soc.ltx} [get_hw_devices xc7a200t_0]
set_property PROGRAM.FILE {G:/SoC/Projects/CortexM3_soc/Vivado/CortexM3_SoC200T_withCamera/CortexM3_SoC200T.runs/impl_1/CortexM3_Soc.bit} [get_hw_devices xc7a200t_0]
program_hw_devices [get_hw_devices xc7a200t_0]
refresh_hw_device [lindex [get_hw_devices xc7a200t_0] 0]
close_hw_manager
open_hw_manager
connect_hw_server -allow_non_jtag
open_hw_target
set_property PROGRAM.FILE {G:/SoC/Projects/CortexM3_soc/Vivado/CortexM3_SoC200T_withCamera/CortexM3_SoC200T.runs/impl_1/CortexM3_Soc.bit} [get_hw_devices xc7a200t_0]
set_property PROBES.FILE {G:/SoC/Projects/CortexM3_soc/Vivado/CortexM3_SoC200T_withCamera/CortexM3_SoC200T.runs/impl_1/CortexM3_Soc.ltx} [get_hw_devices xc7a200t_0]
set_property FULL_PROBES.FILE {G:/SoC/Projects/CortexM3_soc/Vivado/CortexM3_SoC200T_withCamera/CortexM3_SoC200T.runs/impl_1/CortexM3_Soc.ltx} [get_hw_devices xc7a200t_0]
current_hw_device [get_hw_devices xc7a200t_0]
refresh_hw_device [lindex [get_hw_devices xc7a200t_0] 0]
create_hw_cfgmem -hw_device [get_hw_devices xc7a200t_0] -mem_dev [lindex [get_cfgmem_parts {mt25ql128-spi-x1_x2_x4}] 0]
display_hw_ila_data [ get_hw_ila_data hw_ila_data_1 -of_objects [get_hw_ilas -of_objects [get_hw_devices xc7a200t_0] -filter {CELL_NAME=~"u_ila_0"}]]
display_hw_ila_data [ get_hw_ila_data hw_ila_data_2 -of_objects [get_hw_ilas -of_objects [get_hw_devices xc7a200t_0] -filter {CELL_NAME=~"u_ila_1"}]]
add_wave -into {hw_ila_data_1.wcfg} -radix hex { {CAMERA_DATA_IBUF} {CAMERA_HREF_IBUF} {CAMERA_VSYNC_IBUF} }
run_hw_ila [get_hw_ilas -of_objects [get_hw_devices xc7a200t_0] -filter {CELL_NAME=~"u_ila_1"}]
run_hw_ila [get_hw_ilas -of_objects [get_hw_devices xc7a200t_0] -filter {CELL_NAME=~"u_ila_1"}]
run_hw_ila [get_hw_ilas -of_objects [get_hw_devices xc7a200t_0] -filter {CELL_NAME=~"u_ila_1"}]
run_hw_ila [get_hw_ilas -of_objects [get_hw_devices xc7a200t_0] -filter {CELL_NAME=~"u_ila_0"}]
run_hw_ila [get_hw_ilas -of_objects [get_hw_devices xc7a200t_0] -filter {CELL_NAME=~"u_ila_0"}]
run_hw_ila [get_hw_ilas -of_objects [get_hw_devices xc7a200t_0] -filter {CELL_NAME=~"u_ila_1"}]
wait_on_hw_ila [get_hw_ilas -of_objects [get_hw_devices xc7a200t_0] -filter {CELL_NAME=~"u_ila_0"}]
display_hw_ila_data [upload_hw_ila_data [get_hw_ilas -of_objects [get_hw_devices xc7a200t_0] -filter {CELL_NAME=~"u_ila_0"}]]
run_hw_ila [get_hw_ilas -of_objects [get_hw_devices xc7a200t_0] -filter {CELL_NAME=~"u_ila_1"}]
run_hw_ila [get_hw_ilas -of_objects [get_hw_devices xc7a200t_0] -filter {CELL_NAME=~"u_ila_1"}]
run_hw_ila [get_hw_ilas -of_objects [get_hw_devices xc7a200t_0] -filter {CELL_NAME=~"u_ila_1"}]
run_hw_ila [get_hw_ilas -of_objects [get_hw_devices xc7a200t_0] -filter {CELL_NAME=~"u_ila_1"}]
run_hw_ila [get_hw_ilas -of_objects [get_hw_devices xc7a200t_0] -filter {CELL_NAME=~"u_ila_0"}]
set_property PROBES.FILE {G:/SoC/Projects/CortexM3_soc/Vivado/CortexM3_SoC200T_withCamera/CortexM3_SoC200T.runs/impl_1/CortexM3_Soc.ltx} [get_hw_devices xc7a200t_0]
set_property FULL_PROBES.FILE {G:/SoC/Projects/CortexM3_soc/Vivado/CortexM3_SoC200T_withCamera/CortexM3_SoC200T.runs/impl_1/CortexM3_Soc.ltx} [get_hw_devices xc7a200t_0]
set_property PROGRAM.FILE {G:/SoC/Projects/CortexM3_soc/Vivado/CortexM3_SoC200T_withCamera/CortexM3_SoC200T.runs/impl_1/CortexM3_Soc.bit} [get_hw_devices xc7a200t_0]
program_hw_devices [get_hw_devices xc7a200t_0]
refresh_hw_device [lindex [get_hw_devices xc7a200t_0] 0]
run_hw_ila [get_hw_ilas -of_objects [get_hw_devices xc7a200t_0] -filter {CELL_NAME=~""}]
set_property PROGRAM.ADDRESS_RANGE  {use_file} [ get_property PROGRAM.HW_CFGMEM [lindex [get_hw_devices xc7a200t_0] 0]]
set_property PROGRAM.FILES [list "G:/SoC/Projects/CortexM3_soc/Vivado/CortexM3_SoC200T_withCamera/CortexM3_SoC200T.runs/impl_1/CortexM3_Soc.bin" ] [ get_property PROGRAM.HW_CFGMEM [lindex [get_hw_devices xc7a200t_0] 0]]
set_property PROGRAM.PRM_FILE {} [ get_property PROGRAM.HW_CFGMEM [lindex [get_hw_devices xc7a200t_0] 0]]
set_property PROGRAM.UNUSED_PIN_TERMINATION {pull-none} [ get_property PROGRAM.HW_CFGMEM [lindex [get_hw_devices xc7a200t_0] 0]]
set_property PROGRAM.BLANK_CHECK  0 [ get_property PROGRAM.HW_CFGMEM [lindex [get_hw_devices xc7a200t_0] 0]]
set_property PROGRAM.ERASE  1 [ get_property PROGRAM.HW_CFGMEM [lindex [get_hw_devices xc7a200t_0] 0]]
set_property PROGRAM.CFG_PROGRAM  1 [ get_property PROGRAM.HW_CFGMEM [lindex [get_hw_devices xc7a200t_0] 0]]
set_property PROGRAM.VERIFY  1 [ get_property PROGRAM.HW_CFGMEM [lindex [get_hw_devices xc7a200t_0] 0]]
set_property PROGRAM.CHECKSUM  0 [ get_property PROGRAM.HW_CFGMEM [lindex [get_hw_devices xc7a200t_0] 0]]
startgroup 
create_hw_bitstream -hw_device [lindex [get_hw_devices xc7a200t_0] 0] [get_property PROGRAM.HW_CFGMEM_BITFILE [ lindex [get_hw_devices xc7a200t_0] 0]]; program_hw_devices [lindex [get_hw_devices xc7a200t_0] 0]; refresh_hw_device [lindex [get_hw_devices xc7a200t_0] 0];
program_hw_cfgmem -hw_cfgmem [ get_property PROGRAM.HW_CFGMEM [lindex [get_hw_devices xc7a200t_0] 0]]
endgroup
save_wave_config {G:/SoC/Projects/CortexM3_soc/Vivado/CortexM3_SoC200T_withCamera/CortexM3_SoC200T.hw/hw_1/wave/hw_ila_data_1/hw_ila_data_1.wcfg}
save_wave_config {G:/SoC/Projects/CortexM3_soc/Vivado/CortexM3_SoC200T_withCamera/CortexM3_SoC200T.hw/hw_1/wave/hw_ila_data_2/hw_ila_data_2.wcfg}
