Component: ARM Compiler 5.06 update 6 (build 750) Tool: armlink [4d35ed]

==============================================================================

Section Cross References

    acc.o(i.ACCConvDoneHandler) refers to acc.o(i.ACC_ClrCtrl) for ACC_ClrCtrl
    acc.o(i.ACCConvDoneHandler) refers to acc.o(i.ACC_RegCfg) for ACC_RegCfg
    acc.o(i.ACCConvDoneHandler) refers to acc.o(i.ACC_ConvEnable) for ACC_ConvEnable
    acc.o(i.ACCConvDoneHandler) refers to acc.o(i.ACC_NmsEnable) for ACC_NmsEnable
    acc.o(i.ACCConvDoneHandler) refers to acc.o(.data) for layer_cnt
    acc.o(i.ACCConvDoneHandler) refers to acc.o(.constdata) for acc_data_reg
    acc.o(i.ACCNoFaceHandler) refers to acc.o(.data) for noface
    acc.o(i.ACCReadResultsHandler) refers to acc.o(.data) for accdone_flag
    acc.o(i.ACC_GetFeatureMap) refers to gpio.o(i.LED_LightUp) for LED_LightUp
    acc.o(i.ACC_GetFeatureMap) refers to uart.o(i.uart_ReceiveChar) for uart_ReceiveChar
    acc.o(i.ACC_GetFeatureMap) refers to gpio.o(i.LED_ShutDown) for LED_ShutDown
    acc.o(i.ACC_GetImage) refers to gpio.o(i.LED_LightUp) for LED_LightUp
    acc.o(i.ACC_GetImage) refers to uart.o(i.uart_ReceiveChar) for uart_ReceiveChar
    acc.o(i.ACC_GetImage) refers to gpio.o(i.LED_ShutDown) for LED_ShutDown
    acc.o(i.ACC_GetWeight) refers to gpio.o(i.LED_LightUp) for LED_LightUp
    acc.o(i.ACC_GetWeight) refers to uart.o(i.uart_ReceiveChar) for uart_ReceiveChar
    acc.o(i.ACC_GetWeight) refers to gpio.o(i.LED_ShutDown) for LED_ShutDown
    acc.o(i.ACC_ImageInit) refers to acc.o(i.ACC_GetWeight) for ACC_GetWeight
    acc.o(i.ACC_ImageInit) refers to acc.o(i.ACC_GetImage) for ACC_GetImage
    acc.o(i.ACC_ImageInit) refers to camera.o(i.IMAGE_ClrRGBAValue) for IMAGE_ClrRGBAValue
    acc.o(i.ACC_Init_Test) refers to acc.o(i.ACC_ClrCtrl) for ACC_ClrCtrl
    acc.o(i.ACC_Init_Test) refers to acc.o(i.ACC_RegCfg) for ACC_RegCfg
    acc.o(i.ACC_Init_Test) refers to acc.o(.data) for layer_cnt
    acc.o(i.ACC_Init_Test) refers to acc.o(.constdata) for acc_data_reg
    acc.o(i.ACC_ReadResults) refers to acc.o(i.ACC_GetIsvalid) for ACC_GetIsvalid
    acc.o(i.ACC_ReadResults) refers to memcpya.o(.text) for __aeabi_memcpy4
    acc.o(i.ACC_RegInit) refers to acc.o(i.ACC_ClrCtrl) for ACC_ClrCtrl
    acc.o(i.ACC_RegInit) refers to acc.o(i.ACC_RegCfg) for ACC_RegCfg
    acc.o(i.ACC_RegInit) refers to acc.o(.data) for layer_cnt
    acc.o(i.ACC_RegInit) refers to acc.o(.constdata) for acc_data_reg
    acc.o(i.ACC_Start) refers to acc.o(i.ACC_ConvEnable) for ACC_ConvEnable
    camera.o(i.CAMERA_Command) refers to camera.o(i.CAMERA_Start) for CAMERA_Start
    camera.o(i.CAMERA_Command) refers to camera.o(i.CAMERA_Write_Byte) for CAMERA_Write_Byte
    camera.o(i.CAMERA_Command) refers to camera.o(i.CAMERA_Stop) for CAMERA_Stop
    camera.o(i.CAMERA_ImageCap) refers to camera.o(i.Set_CAMERA_DATA_STATE) for Set_CAMERA_DATA_STATE
    camera.o(i.CAMERA_ImageCap) refers to camera.o(i.Read_CAMERA_DATA_STATE) for Read_CAMERA_DATA_STATE
    camera.o(i.CAMERA_Init) refers to camera.o(i.Set_CAMERA_SDA_W) for Set_CAMERA_SDA_W
    camera.o(i.CAMERA_Init) refers to camera.o(i.Clr_CAMERA_PWDN) for Clr_CAMERA_PWDN
    camera.o(i.CAMERA_Init) refers to systick.o(i.Delay) for Delay
    camera.o(i.CAMERA_Init) refers to camera.o(i.Set_CAMERA_RST) for Set_CAMERA_RST
    camera.o(i.CAMERA_Init) refers to camera.o(i.CAMERA_Read_Reg) for CAMERA_Read_Reg
    camera.o(i.CAMERA_Init) refers to camera.o(i.CAMERA_Command) for CAMERA_Command
    camera.o(i.CAMERA_Init) refers to camera.o(.constdata) for camera_initial_reg
    camera.o(i.CAMERA_Initial) refers to camera.o(i.Set_CAMERA_SDA_W) for Set_CAMERA_SDA_W
    camera.o(i.CAMERA_Initial) refers to camera.o(i.Clr_CAMERA_PWDN) for Clr_CAMERA_PWDN
    camera.o(i.CAMERA_Initial) refers to systick.o(i.Delay) for Delay
    camera.o(i.CAMERA_Initial) refers to camera.o(i.Set_CAMERA_RST) for Set_CAMERA_RST
    camera.o(i.CAMERA_Initial) refers to camera.o(i.CAMERA_Read_Reg) for CAMERA_Read_Reg
    camera.o(i.CAMERA_Initial) refers to camera.o(i.CAMERA_Command) for CAMERA_Command
    camera.o(i.CAMERA_Initial) refers to camera.o(.constdata) for camera_initial_reg
    camera.o(i.CAMERA_NA) refers to systick.o(i.Delay) for Delay
    camera.o(i.CAMERA_NA) refers to camera.o(i.Set_CAMERA_SDA) for Set_CAMERA_SDA
    camera.o(i.CAMERA_NA) refers to camera.o(i.Set_CAMERA_SCL) for Set_CAMERA_SCL
    camera.o(i.CAMERA_NA) refers to camera.o(i.Clr_CAMERA_SCL) for Clr_CAMERA_SCL
    camera.o(i.CAMERA_NA) refers to camera.o(i.Clr_CAMERA_SDA) for Clr_CAMERA_SDA
    camera.o(i.CAMERA_Read_Byte) refers to camera.o(i.Set_CAMERA_SDA_R) for Set_CAMERA_SDA_R
    camera.o(i.CAMERA_Read_Byte) refers to systick.o(i.Delay) for Delay
    camera.o(i.CAMERA_Read_Byte) refers to camera.o(i.Set_CAMERA_SCL) for Set_CAMERA_SCL
    camera.o(i.CAMERA_Read_Byte) refers to camera.o(i.Read_CAMERA_SDA) for Read_CAMERA_SDA
    camera.o(i.CAMERA_Read_Byte) refers to camera.o(i.Clr_CAMERA_SCL) for Clr_CAMERA_SCL
    camera.o(i.CAMERA_Read_Byte) refers to camera.o(i.Set_CAMERA_SDA_W) for Set_CAMERA_SDA_W
    camera.o(i.CAMERA_Read_Reg) refers to camera.o(i.CAMERA_Start) for CAMERA_Start
    camera.o(i.CAMERA_Read_Reg) refers to camera.o(i.CAMERA_Write_Byte) for CAMERA_Write_Byte
    camera.o(i.CAMERA_Read_Reg) refers to camera.o(i.CAMERA_Stop) for CAMERA_Stop
    camera.o(i.CAMERA_Read_Reg) refers to systick.o(i.Delay) for Delay
    camera.o(i.CAMERA_Read_Reg) refers to camera.o(i.CAMERA_Read_Byte) for CAMERA_Read_Byte
    camera.o(i.CAMERA_Read_Reg) refers to camera.o(i.CAMERA_NA) for CAMERA_NA
    camera.o(i.CAMERA_Start) refers to camera.o(i.Set_CAMERA_SDA) for Set_CAMERA_SDA
    camera.o(i.CAMERA_Start) refers to camera.o(i.Set_CAMERA_SCL) for Set_CAMERA_SCL
    camera.o(i.CAMERA_Start) refers to systick.o(i.Delay) for Delay
    camera.o(i.CAMERA_Start) refers to camera.o(i.Clr_CAMERA_SDA) for Clr_CAMERA_SDA
    camera.o(i.CAMERA_Start) refers to camera.o(i.Clr_CAMERA_SCL) for Clr_CAMERA_SCL
    camera.o(i.CAMERA_Stop) refers to camera.o(i.Clr_CAMERA_SDA) for Clr_CAMERA_SDA
    camera.o(i.CAMERA_Stop) refers to systick.o(i.Delay) for Delay
    camera.o(i.CAMERA_Stop) refers to camera.o(i.Set_CAMERA_SCL) for Set_CAMERA_SCL
    camera.o(i.CAMERA_Stop) refers to camera.o(i.Set_CAMERA_SDA) for Set_CAMERA_SDA
    camera.o(i.CAMERA_Waite) refers to systick.o(i.Delay) for Delay
    camera.o(i.CAMERA_Waite) refers to camera.o(i.Set_CAMERA_SCL) for Set_CAMERA_SCL
    camera.o(i.CAMERA_Waite) refers to camera.o(i.Clr_CAMERA_SCL) for Clr_CAMERA_SCL
    camera.o(i.CAMERA_Write_Byte) refers to camera.o(i.Set_CAMERA_SDA) for Set_CAMERA_SDA
    camera.o(i.CAMERA_Write_Byte) refers to camera.o(i.Clr_CAMERA_SDA) for Clr_CAMERA_SDA
    camera.o(i.CAMERA_Write_Byte) refers to systick.o(i.Delay) for Delay
    camera.o(i.CAMERA_Write_Byte) refers to camera.o(i.Set_CAMERA_SCL) for Set_CAMERA_SCL
    camera.o(i.CAMERA_Write_Byte) refers to camera.o(i.Clr_CAMERA_SCL) for Clr_CAMERA_SCL
    camera.o(i.CAMERA_Write_Byte) refers to camera.o(i.Set_CAMERA_SDA_R) for Set_CAMERA_SDA_R
    camera.o(i.CAMERA_Write_Byte) refers to camera.o(i.Set_CAMERA_SDA_W) for Set_CAMERA_SDA_W
    camera.o(i.IMAGE_Process) refers to gpio.o(i.LED_LightUp) for LED_LightUp
    camera.o(i.IMAGE_Process) refers to camera.o(i.Set_CAMERA_DATA_STATE) for Set_CAMERA_DATA_STATE
    camera.o(i.IMAGE_Process) refers to camera.o(i.IMAGE_ScaleImage) for IMAGE_ScaleImage
    camera.o(i.IMAGE_Process) refers to gpio.o(i.LED_ShutDown) for LED_ShutDown
    camera.o(i.IMAGE_ScaleImage) refers to ffltui.o(.text) for __aeabi_ui2f
    camera.o(i.IMAGE_ScaleImage) refers to fdiv.o(.text) for __aeabi_fdiv
    camera.o(i.IMAGE_ScaleImage) refers to camera.o(i.IMAGE_ScalePixel) for IMAGE_ScalePixel
    camera.o(i.IMAGE_ScalePixel) refers to ffltui.o(.text) for __aeabi_ui2f
    camera.o(i.IMAGE_ScalePixel) refers to fadd.o(.text) for __aeabi_fsub
    camera.o(i.IMAGE_ScalePixel) refers to fdiv.o(.text) for __aeabi_fdiv
    camera.o(i.IMAGE_ScalePixel) refers to cfcmple.o(.text) for __aeabi_cfcmple
    camera.o(i.IMAGE_ScalePixel) refers to f2d.o(.text) for __aeabi_f2d
    camera.o(i.IMAGE_ScalePixel) refers to floor.o(i.floor) for floor
    camera.o(i.IMAGE_ScalePixel) refers to dfixui.o(.text) for __aeabi_d2uiz
    camera.o(i.IMAGE_ScalePixel) refers to camera.o(i.IMAGE_GetRGBValue) for IMAGE_GetRGBValue
    camera.o(i.IMAGE_ScalePixel) refers to camera.o(i.IMAGE_FPNQ) for IMAGE_FPNQ
    camera.o(i.IMAGE_ScalePixel) refers to fmul.o(.text) for __aeabi_fmul
    camera.o(i.IMAGE_ScalePixel) refers to dadd.o(.text) for __aeabi_dadd
    camera.o(i.IMAGE_ScalePixel) refers to camera.o(i.IMAGE_DstRGBValue) for IMAGE_DstRGBValue
    dma.o(i.DMA_Image) refers to dma.o(i.DMA) for DMA
    gpio.o(i.LED_LightUp) refers to gpio.o(i.Read_GPIO_Output) for Read_GPIO_Output
    gpio.o(i.LED_LightUp) refers to gpio.o(i.Set_GPIO_Value) for Set_GPIO_Value
    gpio.o(i.LED_ShutDown) refers to gpio.o(i.Read_GPIO_Output) for Read_GPIO_Output
    gpio.o(i.LED_ShutDown) refers to gpio.o(i.Set_GPIO_Value) for Set_GPIO_Value
    gpio.o(i.Read_Switch) refers to gpio.o(i.Read_GPIO_Input) for Read_GPIO_Input
    keyboard.o(i.Key0Handler) refers to keyboard.o(.data) for key0_flag
    keyboard.o(i.Key1Handler) refers to keyboard.o(.data) for key1_flag
    keyboard.o(i.Key2Handler) refers to keyboard.o(.data) for key2_flag
    keyboard.o(i.Key3Handler) refers to keyboard.o(.data) for key3_flag
    keyboard.o(i.Key_Init) refers to keyboard.o(.data) for key0_flag
    lcd.o(i.LCD_DMA) refers to lcd.o(i.LCD_PrepareDMA) for LCD_PrepareDMA
    lcd.o(i.LCD_DMA) refers to dma.o(i.DMA) for DMA
    lcd.o(i.LCD_DMA) refers to lcd.o(i.LCD_QuitDMA) for LCD_QuitDMA
    lcd.o(i.LCD_Display) refers to lcd.o(i.LCD_DMA) for LCD_DMA
    lcd.o(i.LCD_Draw_FaceBox) refers to acc.o(i.ACC_GetIsvalid) for ACC_GetIsvalid
    lcd.o(i.LCD_Draw_FaceBox) refers to acc.o(i.ACC_ReadResults) for ACC_ReadResults
    lcd.o(i.LCD_Draw_FaceBox) refers to memcpya.o(.text) for __aeabi_memcpy4
    lcd.o(i.LCD_Draw_FaceBox) refers to lcd.o(i.LCD_Thick_Window) for LCD_Thick_Window
    lcd.o(i.LCD_Draw_Window) refers to lcd.o(i.LCD_Fast_DrawPoint) for LCD_Fast_DrawPoint
    lcd.o(i.LCD_Fast_DrawPoint) refers to lcd.o(i.LCD_WR_REG) for LCD_WR_REG
    lcd.o(i.LCD_Fast_DrawPoint) refers to lcd.o(i.LCD_WR_DATA) for LCD_WR_DATA
    lcd.o(i.LCD_Fast_DrawPoint) refers to lcd.o(i.MakeData) for MakeData
    lcd.o(i.LCD_Full_Color) refers to lcd.o(i.LCD_WR_REG) for LCD_WR_REG
    lcd.o(i.LCD_Full_Color) refers to lcd.o(i.LCD_WR_DATA) for LCD_WR_DATA
    lcd.o(i.LCD_Init) refers to systick.o(i.Delay) for Delay
    lcd.o(i.LCD_Init) refers to lcd.o(i.LCD_WR_REG) for LCD_WR_REG
    lcd.o(i.LCD_Init) refers to lcd.o(i.LCD_WR_DATA) for LCD_WR_DATA
    lcd.o(i.LCD_Init) refers to lcd.o(i.LCD_ReadReg) for LCD_ReadReg
    lcd.o(i.LCD_Init) refers to lcd.o(i.LCD_Scan_Dir) for LCD_Scan_Dir
    lcd.o(i.LCD_PrepareDMA) refers to lcd.o(i.LCD_WR_REG) for LCD_WR_REG
    lcd.o(i.LCD_PrepareDMA) refers to lcd.o(i.LCD_WR_DATA) for LCD_WR_DATA
    lcd.o(i.LCD_RD_DATA) refers to lcd.o(i.ReadData) for ReadData
    lcd.o(i.LCD_RD_DATA) refers to systick.o(i.Delay) for Delay
    lcd.o(i.LCD_ReadReg) refers to lcd.o(i.LCD_WR_REG) for LCD_WR_REG
    lcd.o(i.LCD_ReadReg) refers to systick.o(i.Delay) for Delay
    lcd.o(i.LCD_ReadReg) refers to lcd.o(i.LCD_RD_DATA) for LCD_RD_DATA
    lcd.o(i.LCD_Scan_Dir) refers to lcd.o(i.LCD_WR_REG) for LCD_WR_REG
    lcd.o(i.LCD_Scan_Dir) refers to lcd.o(i.LCD_WR_DATA) for LCD_WR_DATA
    lcd.o(i.LCD_SetCursor) refers to lcd.o(i.LCD_WR_REG) for LCD_WR_REG
    lcd.o(i.LCD_SetCursor) refers to lcd.o(i.LCD_WR_DATA) for LCD_WR_DATA
    lcd.o(i.LCD_Thick_Window) refers to lcd.o(i.LCD_Draw_Window) for LCD_Draw_Window
    lcd.o(i.LCD_WR_DATA) refers to systick.o(i.Delay) for Delay
    lcd.o(i.LCD_WR_DATA) refers to lcd.o(i.MakeData) for MakeData
    lcd.o(i.LCD_WR_REG) refers to systick.o(i.Delay) for Delay
    lcd.o(i.LCD_WR_REG) refers to lcd.o(i.MakeData) for MakeData
    main.o(i.main) refers to lcd.o(i.LCD_Display) for LCD_Display
    main.o(i.main) refers to dma.o(i.DMA) for DMA
    main.o(i.main) refers to resizer.o(i.Resizer_Start) for Resizer_Start
    main.o(i.main) refers to lcd.o(i.LCD_Draw_FaceBox) for LCD_Draw_FaceBox
    main.o(i.main) refers to acc.o(i.ACC_RegInit) for ACC_RegInit
    main.o(i.main) refers to gpio.o(i.LED_LightUp) for LED_LightUp
    main.o(i.main) refers to keyboard.o(.data) for key0_flag
    main.o(i.main) refers to acc.o(.data) for accdone_flag
    resizer.o(i.ResizerDoneHandler) refers to acc.o(i.ACC_Start) for ACC_Start
    retarget.o(i._ttywrch) refers to uart.o(i.uart_SendChar) for uart_SendChar
    retarget.o(i.fgetc) refers to uart.o(i.uart_ReceiveChar) for uart_ReceiveChar
    retarget.o(i.fgetc) refers to uart.o(i.uart_SendChar) for uart_SendChar
    retarget.o(i.fputc) refers to uart.o(i.uart_SendChar) for uart_SendChar
    startup_cm3ds.o(RESET) refers to startup_cm3ds.o(STACK) for __initial_sp
    startup_cm3ds.o(RESET) refers to startup_cm3ds.o(.text) for Reset_Handler
    startup_cm3ds.o(.text) refers to handler.o(i.NMIHandler) for NMIHandler
    startup_cm3ds.o(.text) refers to handler.o(i.HardFaultHandler) for HardFaultHandler
    startup_cm3ds.o(.text) refers to handler.o(i.MemManageHandler) for MemManageHandler
    startup_cm3ds.o(.text) refers to handler.o(i.BusFaultHandler) for BusFaultHandler
    startup_cm3ds.o(.text) refers to handler.o(i.UsageFaultHandler) for UsageFaultHandler
    startup_cm3ds.o(.text) refers to handler.o(i.SVCHandler) for SVCHandler
    startup_cm3ds.o(.text) refers to handler.o(i.DebugMonHandler) for DebugMonHandler
    startup_cm3ds.o(.text) refers to handler.o(i.PendSVHandler) for PendSVHandler
    startup_cm3ds.o(.text) refers to systick.o(i.SysTickHandler) for SysTickHandler
    startup_cm3ds.o(.text) refers to uart.o(i.UARTRXHandler) for UARTRXHandler
    startup_cm3ds.o(.text) refers to uart.o(i.UARTTXHandler) for UARTTXHandler
    startup_cm3ds.o(.text) refers to uart.o(i.UARTOVRHandler) for UARTOVRHandler
    startup_cm3ds.o(.text) refers to acc.o(i.ACCConvDoneHandler) for ACCConvDoneHandler
    startup_cm3ds.o(.text) refers to acc.o(i.ACCNoFaceHandler) for ACCNoFaceHandler
    startup_cm3ds.o(.text) refers to acc.o(i.ACCReadResultsHandler) for ACCReadResultsHandler
    startup_cm3ds.o(.text) refers to keyboard.o(i.Key0Handler) for Key0Handler
    startup_cm3ds.o(.text) refers to keyboard.o(i.Key1Handler) for Key1Handler
    startup_cm3ds.o(.text) refers to keyboard.o(i.Key2Handler) for Key2Handler
    startup_cm3ds.o(.text) refers to keyboard.o(i.Key3Handler) for Key3Handler
    startup_cm3ds.o(.text) refers to resizer.o(i.ResizerDoneHandler) for ResizerDoneHandler
    startup_cm3ds.o(.text) refers to system_init.o(i.SystemInit) for SystemInit
    startup_cm3ds.o(.text) refers to entry.o(.ARM.Collect$$$$00000000) for __main
    system_init.o(i.SystemCoreClockUpdate) refers to system_init.o(.data) for SystemCoreClock
    system_init.o(i.SystemInit) refers to system_init.o(i.SystemCoreClockUpdate) for SystemCoreClockUpdate
    system_init.o(i.SystemInit) refers to system_init.o(i.NVIC_EnableIRQ) for NVIC_EnableIRQ
    system_init.o(i.SystemInit) refers to keyboard.o(i.Key_Init) for Key_Init
    system_init.o(i.SystemInit) refers to gpio.o(i.Set_GPIO_Dir) for Set_GPIO_Dir
    system_init.o(i.SystemInit) refers to camera.o(i.CAMERA_Init) for CAMERA_Init
    system_init.o(i.SystemInit) refers to lcd.o(i.LCD_Init) for LCD_Init
    system_init.o(i.SystemInit) refers to uart.o(i.uart_Init) for uart_Init
    system_init.o(i.SystemInit) refers to gpio.o(i.LED_LightUp) for LED_LightUp
    system_init.o(i.SystemInit) refers to acc.o(i.ACC_ImageInit) for ACC_ImageInit
    system_init.o(i.SystemInit) refers to acc.o(i.ACC_RegInit) for ACC_RegInit
    system_init.o(i.SystemInit) refers to system_init.o(.data) for SystemCoreClock
    systick.o(i.Delay) refers to systick.o(i.Set_SysTick_CTRL) for Set_SysTick_CTRL
    systick.o(i.Delay) refers to systick.o(i.Set_SysTick_LOAD) for Set_SysTick_LOAD
    systick.o(i.Delay) refers to systick.o(i.Set_SysTick_VALUE) for Set_SysTick_VALUE
    systick.o(i.SysTickHandler) refers to systick.o(i.Set_SysTick_CTRL) for Set_SysTick_CTRL
    test_acc.o(i.test_img) refers to uart.o(i.uart_ReceiveChar) for uart_ReceiveChar
    timer.o(i.Timer_Start) refers to systick.o(i.Delay) for Delay
    uart.o(i.uart_SendString) refers to strlen.o(.text) for strlen
    uart.o(i.uart_SendString) refers to uart.o(i.uart_SendChar) for uart_SendChar
    floor.o(i.__softfp_floor) refers (Special) to iusefp.o(.text) for __I$use$fp
    floor.o(i.__softfp_floor) refers to floor.o(i.floor) for floor
    floor.o(i.floor) refers (Special) to iusefp.o(.text) for __I$use$fp
    floor.o(i.floor) refers to dadd.o(.text) for __aeabi_dadd
    floor.o(i.floor) refers to cdrcmple.o(.text) for __aeabi_cdrcmple
    entry.o(.ARM.Collect$$$$00000000) refers (Special) to entry10a.o(.ARM.Collect$$$$0000000D) for __rt_final_cpp
    entry.o(.ARM.Collect$$$$00000000) refers (Special) to entry11a.o(.ARM.Collect$$$$0000000F) for __rt_final_exit
    entry.o(.ARM.Collect$$$$00000000) refers (Special) to entry7b.o(.ARM.Collect$$$$00000008) for _main_clock
    entry.o(.ARM.Collect$$$$00000000) refers (Special) to entry8b.o(.ARM.Collect$$$$0000000A) for _main_cpp_init
    entry.o(.ARM.Collect$$$$00000000) refers (Special) to entry9a.o(.ARM.Collect$$$$0000000B) for _main_init
    entry.o(.ARM.Collect$$$$00000000) refers (Special) to entry5.o(.ARM.Collect$$$$00000004) for _main_scatterload
    entry.o(.ARM.Collect$$$$00000000) refers (Special) to entry2.o(.ARM.Collect$$$$00000001) for _main_stk
    fadd.o(.text) refers (Special) to iusefp.o(.text) for __I$use$fp
    fadd.o(.text) refers to fepilogue.o(.text) for _float_epilogue
    fmul.o(.text) refers (Special) to iusefp.o(.text) for __I$use$fp
    fdiv.o(.text) refers (Special) to iusefp.o(.text) for __I$use$fp
    fdiv.o(.text) refers to fepilogue.o(.text) for _float_round
    dadd.o(.text) refers (Special) to iusefp.o(.text) for __I$use$fp
    dadd.o(.text) refers to llshl.o(.text) for __aeabi_llsl
    dadd.o(.text) refers to llsshr.o(.text) for __aeabi_lasr
    dadd.o(.text) refers to depilogue.o(.text) for _double_epilogue
    ffltui.o(.text) refers (Special) to iusefp.o(.text) for __I$use$fp
    ffltui.o(.text) refers to fepilogue.o(.text) for _float_epilogue
    dfixui.o(.text) refers (Special) to iusefp.o(.text) for __I$use$fp
    dfixui.o(.text) refers to llushr.o(.text) for __aeabi_llsr
    f2d.o(.text) refers (Special) to iusefp.o(.text) for __I$use$fp
    cfcmple.o(.text) refers (Special) to iusefp.o(.text) for __I$use$fp
    entry2.o(.ARM.Collect$$$$00000001) refers to entry2.o(.ARM.Collect$$$$00002712) for __lit__00000000
    entry2.o(.ARM.Collect$$$$00002712) refers to startup_cm3ds.o(STACK) for __initial_sp
    entry2.o(__vectab_stack_and_reset_area) refers to startup_cm3ds.o(STACK) for __initial_sp
    entry2.o(__vectab_stack_and_reset_area) refers to entry.o(.ARM.Collect$$$$00000000) for __main
    entry5.o(.ARM.Collect$$$$00000004) refers to init.o(.text) for __scatterload
    entry9a.o(.ARM.Collect$$$$0000000B) refers to main.o(i.main) for main
    entry9b.o(.ARM.Collect$$$$0000000C) refers to main.o(i.main) for main
    depilogue.o(.text) refers to llshl.o(.text) for __aeabi_llsl
    depilogue.o(.text) refers to llushr.o(.text) for __aeabi_llsr
    init.o(.text) refers to entry5.o(.ARM.Collect$$$$00000004) for __main_after_scatterload


==============================================================================

Removing Unused input sections from the image.

    Removing acc.o(.rev16_text), (4 bytes).
    Removing acc.o(.revsh_text), (4 bytes).
    Removing acc.o(i.ACC_GetFeatureMap), (128 bytes).
    Removing acc.o(i.ACC_Init_Test), (28 bytes).
    Removing acc.o(i.ACC_NmsReturn), (12 bytes).
    Removing camera.o(.rev16_text), (4 bytes).
    Removing camera.o(.revsh_text), (4 bytes).
    Removing camera.o(i.CAMERA_ImageCap), (20 bytes).
    Removing camera.o(i.CAMERA_Initial), (780 bytes).
    Removing camera.o(i.CAMERA_Waite), (24 bytes).
    Removing camera.o(i.Clr_CAMERA_RST), (12 bytes).
    Removing camera.o(i.IMAGE_DstRGBValue), (108 bytes).
    Removing camera.o(i.IMAGE_FPNQ), (34 bytes).
    Removing camera.o(i.IMAGE_GetRGBValue), (112 bytes).
    Removing camera.o(i.IMAGE_Process), (44 bytes).
    Removing camera.o(i.IMAGE_ScaleImage), (120 bytes).
    Removing camera.o(i.IMAGE_ScalePixel), (564 bytes).
    Removing camera.o(i.Read_CAMERA_DATA_STATE), (12 bytes).
    Removing camera.o(i.Set_CAMERA_DATA_STATE), (12 bytes).
    Removing camera.o(i.Set_CAMERA_PWDN), (12 bytes).
    Removing dma.o(.rev16_text), (4 bytes).
    Removing dma.o(.revsh_text), (4 bytes).
    Removing dma.o(i.DMA_Image), (40 bytes).
    Removing gpio.o(.rev16_text), (4 bytes).
    Removing gpio.o(.revsh_text), (4 bytes).
    Removing gpio.o(i.Read_GPIO_Dir), (12 bytes).
    Removing gpio.o(i.Read_GPIO_Input), (12 bytes).
    Removing gpio.o(i.Read_Switch), (28 bytes).
    Removing handler.o(.rev16_text), (4 bytes).
    Removing handler.o(.revsh_text), (4 bytes).
    Removing keyboard.o(.rev16_text), (4 bytes).
    Removing keyboard.o(.revsh_text), (4 bytes).
    Removing lcd.o(.rev16_text), (4 bytes).
    Removing lcd.o(.revsh_text), (4 bytes).
    Removing lcd.o(i.LCD_Full_Color), (90 bytes).
    Removing lcd.o(i.LCD_SetCursor), (44 bytes).
    Removing main.o(.rev16_text), (4 bytes).
    Removing main.o(.revsh_text), (4 bytes).
    Removing resizer.o(.rev16_text), (4 bytes).
    Removing resizer.o(.revsh_text), (4 bytes).
    Removing retarget.o(.rev16_text), (4 bytes).
    Removing retarget.o(.revsh_text), (4 bytes).
    Removing retarget.o(i._sys_exit), (4 bytes).
    Removing retarget.o(i._ttywrch), (16 bytes).
    Removing retarget.o(i.ferror), (8 bytes).
    Removing retarget.o(i.fgetc), (34 bytes).
    Removing retarget.o(i.fputc), (32 bytes).
    Removing retarget.o(.data), (8 bytes).
    Removing startup_cm3ds.o(HEAP), (32768 bytes).
    Removing system_init.o(.rev16_text), (4 bytes).
    Removing system_init.o(.revsh_text), (4 bytes).
    Removing systick.o(.rev16_text), (4 bytes).
    Removing systick.o(.revsh_text), (4 bytes).
    Removing systick.o(i.Read_SysTick_VALUE), (8 bytes).
    Removing systick.o(i.SysTick_Init), (42 bytes).
    Removing systick.o(i.SysTick_Stop), (28 bytes).
    Removing test_acc.o(.rev16_text), (4 bytes).
    Removing test_acc.o(.revsh_text), (4 bytes).
    Removing test_acc.o(i.test_img), (116 bytes).
    Removing timer.o(.rev16_text), (4 bytes).
    Removing timer.o(.revsh_text), (4 bytes).
    Removing timer.o(i.Timer_Pause), (12 bytes).
    Removing timer.o(i.Timer_Reset), (12 bytes).
    Removing timer.o(i.Timer_Show_Enable), (12 bytes).
    Removing timer.o(i.Timer_Start), (24 bytes).
    Removing uart.o(.rev16_text), (4 bytes).
    Removing uart.o(.revsh_text), (4 bytes).
    Removing uart.o(i.uart_ClearOverrunStatus), (14 bytes).
    Removing uart.o(i.uart_ClearRxIRQ), (6 bytes).
    Removing uart.o(i.uart_ClearTxIRQ), (6 bytes).
    Removing uart.o(i.uart_GetBaudDivider), (6 bytes).
    Removing uart.o(i.uart_GetOverrunStatus), (10 bytes).
    Removing uart.o(i.uart_GetRxBufferFull), (10 bytes).
    Removing uart.o(i.uart_GetRxIRQStatus), (10 bytes).
    Removing uart.o(i.uart_GetTxBufferFull), (10 bytes).
    Removing uart.o(i.uart_GetTxIRQStatus), (10 bytes).
    Removing uart.o(i.uart_SendChar), (20 bytes).
    Removing uart.o(i.uart_SendString), (34 bytes).
    Removing fadd.o(.text), (176 bytes).
    Removing fmul.o(.text), (100 bytes).
    Removing fdiv.o(.text), (124 bytes).
    Removing dadd.o(.text), (334 bytes).
    Removing ffltui.o(.text), (10 bytes).
    Removing dfixui.o(.text), (50 bytes).
    Removing f2d.o(.text), (38 bytes).
    Removing cfcmple.o(.text), (20 bytes).
    Removing fepilogue.o(.text), (110 bytes).
    Removing depilogue.o(.text), (186 bytes).
    Removing cdrcmple.o(.text), (48 bytes).

89 unused section(s) (total 36824 bytes) removed from the image.

==============================================================================

Image Symbol Table

    Local Symbols

    Symbol Name                              Value     Ov Type        Size  Object(Section)

    RESET                                    0x00000000   Section      112  startup_cm3ds.o(RESET)
    ../clib/microlib/init/entry.s            0x00000000   Number         0  entry8b.o ABSOLUTE
    ../clib/microlib/init/entry.s            0x00000000   Number         0  entry9a.o ABSOLUTE
    ../clib/microlib/init/entry.s            0x00000000   Number         0  entry11a.o ABSOLUTE
    ../clib/microlib/init/entry.s            0x00000000   Number         0  entry10b.o ABSOLUTE
    ../clib/microlib/init/entry.s            0x00000000   Number         0  entry10a.o ABSOLUTE
    ../clib/microlib/init/entry.s            0x00000000   Number         0  entry9b.o ABSOLUTE
    ../clib/microlib/init/entry.s            0x00000000   Number         0  entry2.o ABSOLUTE
    ../clib/microlib/init/entry.s            0x00000000   Number         0  entry8a.o ABSOLUTE
    ../clib/microlib/init/entry.s            0x00000000   Number         0  entry7b.o ABSOLUTE
    ../clib/microlib/init/entry.s            0x00000000   Number         0  entry7a.o ABSOLUTE
    ../clib/microlib/init/entry.s            0x00000000   Number         0  entry5.o ABSOLUTE
    ../clib/microlib/init/entry.s            0x00000000   Number         0  entry11b.o ABSOLUTE
    ../clib/microlib/init/entry.s            0x00000000   Number         0  entry.o ABSOLUTE
    ../clib/microlib/longlong.c              0x00000000   Number         0  llsshr.o ABSOLUTE
    ../clib/microlib/longlong.c              0x00000000   Number         0  llushr.o ABSOLUTE
    ../clib/microlib/longlong.c              0x00000000   Number         0  llshl.o ABSOLUTE
    ../clib/microlib/string/memcpy.c         0x00000000   Number         0  memcpyb.o ABSOLUTE
    ../clib/microlib/string/memcpy.c         0x00000000   Number         0  memcpya.o ABSOLUTE
    ../clib/microlib/string/strlen.c         0x00000000   Number         0  strlen.o ABSOLUTE
    ../clib/microlib/stubs.s                 0x00000000   Number         0  iusefp.o ABSOLUTE
    ../fplib/microlib/f2d.c                  0x00000000   Number         0  f2d.o ABSOLUTE
    ../fplib/microlib/fpadd.c                0x00000000   Number         0  dadd.o ABSOLUTE
    ../fplib/microlib/fpadd.c                0x00000000   Number         0  fadd.o ABSOLUTE
    ../fplib/microlib/fpdiv.c                0x00000000   Number         0  fdiv.o ABSOLUTE
    ../fplib/microlib/fpepilogue.c           0x00000000   Number         0  fepilogue.o ABSOLUTE
    ../fplib/microlib/fpepilogue.c           0x00000000   Number         0  depilogue.o ABSOLUTE
    ../fplib/microlib/fpfix.c                0x00000000   Number         0  dfixui.o ABSOLUTE
    ../fplib/microlib/fpflt.c                0x00000000   Number         0  ffltui.o ABSOLUTE
    ../fplib/microlib/fpmul.c                0x00000000   Number         0  fmul.o ABSOLUTE
    ../mathlib/floor.c                       0x00000000   Number         0  floor.o ABSOLUTE
    ..\Software\no_camera_new\Retarget.c     0x00000000   Number         0  retarget.o ABSOLUTE
    ..\Software\no_camera_new\acc.c          0x00000000   Number         0  acc.o ABSOLUTE
    ..\Software\no_camera_new\camera.c       0x00000000   Number         0  camera.o ABSOLUTE
    ..\Software\no_camera_new\dma.c          0x00000000   Number         0  dma.o ABSOLUTE
    ..\Software\no_camera_new\gpio.c         0x00000000   Number         0  gpio.o ABSOLUTE
    ..\Software\no_camera_new\handler.c      0x00000000   Number         0  handler.o ABSOLUTE
    ..\Software\no_camera_new\keyboard.c     0x00000000   Number         0  keyboard.o ABSOLUTE
    ..\Software\no_camera_new\lcd.c          0x00000000   Number         0  lcd.o ABSOLUTE
    ..\Software\no_camera_new\main.c         0x00000000   Number         0  main.o ABSOLUTE
    ..\Software\no_camera_new\resizer.c      0x00000000   Number         0  resizer.o ABSOLUTE
    ..\Software\no_camera_new\startup_CM3DS.s 0x00000000   Number         0  startup_cm3ds.o ABSOLUTE
    ..\Software\no_camera_new\system_init.c  0x00000000   Number         0  system_init.o ABSOLUTE
    ..\Software\no_camera_new\systick.c      0x00000000   Number         0  systick.o ABSOLUTE
    ..\Software\no_camera_new\test_acc.c     0x00000000   Number         0  test_acc.o ABSOLUTE
    ..\Software\no_camera_new\timer.c        0x00000000   Number         0  timer.o ABSOLUTE
    ..\Software\no_camera_new\uart.c         0x00000000   Number         0  uart.o ABSOLUTE
    ..\\Software\\no_camera_new\\Retarget.c  0x00000000   Number         0  retarget.o ABSOLUTE
    ..\\Software\\no_camera_new\\acc.c       0x00000000   Number         0  acc.o ABSOLUTE
    ..\\Software\\no_camera_new\\camera.c    0x00000000   Number         0  camera.o ABSOLUTE
    ..\\Software\\no_camera_new\\dma.c       0x00000000   Number         0  dma.o ABSOLUTE
    ..\\Software\\no_camera_new\\gpio.c      0x00000000   Number         0  gpio.o ABSOLUTE
    ..\\Software\\no_camera_new\\handler.c   0x00000000   Number         0  handler.o ABSOLUTE
    ..\\Software\\no_camera_new\\keyboard.c  0x00000000   Number         0  keyboard.o ABSOLUTE
    ..\\Software\\no_camera_new\\lcd.c       0x00000000   Number         0  lcd.o ABSOLUTE
    ..\\Software\\no_camera_new\\main.c      0x00000000   Number         0  main.o ABSOLUTE
    ..\\Software\\no_camera_new\\resizer.c   0x00000000   Number         0  resizer.o ABSOLUTE
    ..\\Software\\no_camera_new\\system_init.c 0x00000000   Number         0  system_init.o ABSOLUTE
    ..\\Software\\no_camera_new\\systick.c   0x00000000   Number         0  systick.o ABSOLUTE
    ..\\Software\\no_camera_new\\test_acc.c  0x00000000   Number         0  test_acc.o ABSOLUTE
    ..\\Software\\no_camera_new\\timer.c     0x00000000   Number         0  timer.o ABSOLUTE
    ..\\Software\\no_camera_new\\uart.c      0x00000000   Number         0  uart.o ABSOLUTE
    cdrcmple.s                               0x00000000   Number         0  cdrcmple.o ABSOLUTE
    cfcmple.s                                0x00000000   Number         0  cfcmple.o ABSOLUTE
    dc.s                                     0x00000000   Number         0  dc.o ABSOLUTE
    handlers.s                               0x00000000   Number         0  handlers.o ABSOLUTE
    init.s                                   0x00000000   Number         0  init.o ABSOLUTE
    .ARM.Collect$$$$00000000                 0x00000070   Section        0  entry.o(.ARM.Collect$$$$00000000)
    .ARM.Collect$$$$00000001                 0x00000070   Section        4  entry2.o(.ARM.Collect$$$$00000001)
    .ARM.Collect$$$$00000004                 0x00000074   Section        4  entry5.o(.ARM.Collect$$$$00000004)
    .ARM.Collect$$$$00000008                 0x00000078   Section        0  entry7b.o(.ARM.Collect$$$$00000008)
    .ARM.Collect$$$$0000000A                 0x00000078   Section        0  entry8b.o(.ARM.Collect$$$$0000000A)
    .ARM.Collect$$$$0000000B                 0x00000078   Section        8  entry9a.o(.ARM.Collect$$$$0000000B)
    .ARM.Collect$$$$0000000D                 0x00000080   Section        0  entry10a.o(.ARM.Collect$$$$0000000D)
    .ARM.Collect$$$$0000000F                 0x00000080   Section        0  entry11a.o(.ARM.Collect$$$$0000000F)
    .ARM.Collect$$$$00002712                 0x00000080   Section        4  entry2.o(.ARM.Collect$$$$00002712)
    __lit__00000000                          0x00000080   Data           4  entry2.o(.ARM.Collect$$$$00002712)
    .text                                    0x00000084   Section      180  startup_cm3ds.o(.text)
    .text                                    0x00000138   Section        0  memcpya.o(.text)
    .text                                    0x0000015c   Section       36  init.o(.text)
    i.ACCConvDoneHandler                     0x00000180   Section        0  acc.o(i.ACCConvDoneHandler)
    i.ACCNoFaceHandler                       0x000001dc   Section        0  acc.o(i.ACCNoFaceHandler)
    i.ACCReadResultsHandler                  0x000001e8   Section        0  acc.o(i.ACCReadResultsHandler)
    i.ACC_ClrCtrl                            0x000001f4   Section        0  acc.o(i.ACC_ClrCtrl)
    i.ACC_ConvEnable                         0x00000200   Section        0  acc.o(i.ACC_ConvEnable)
    i.ACC_GetImage                           0x0000020c   Section        0  acc.o(i.ACC_GetImage)
    i.ACC_GetIsvalid                         0x0000029c   Section        0  acc.o(i.ACC_GetIsvalid)
    i.ACC_GetWeight                          0x000002b8   Section        0  acc.o(i.ACC_GetWeight)
    i.ACC_ImageInit                          0x00000330   Section        0  acc.o(i.ACC_ImageInit)
    i.ACC_NmsEnable                          0x00000340   Section        0  acc.o(i.ACC_NmsEnable)
    i.ACC_ReadResults                        0x0000034c   Section        0  acc.o(i.ACC_ReadResults)
    i.ACC_RegCfg                             0x000003c4   Section        0  acc.o(i.ACC_RegCfg)
    i.ACC_RegInit                            0x000003e8   Section        0  acc.o(i.ACC_RegInit)
    i.ACC_Start                              0x00000404   Section        0  acc.o(i.ACC_Start)
    i.BusFaultHandler                        0x0000040c   Section        0  handler.o(i.BusFaultHandler)
    i.CAMERA_Command                         0x0000040e   Section        0  camera.o(i.CAMERA_Command)
    i.CAMERA_Init                            0x00000438   Section        0  camera.o(i.CAMERA_Init)
    i.CAMERA_NA                              0x00000744   Section        0  camera.o(i.CAMERA_NA)
    i.CAMERA_Read_Byte                       0x00000770   Section        0  camera.o(i.CAMERA_Read_Byte)
    i.CAMERA_Read_Reg                        0x000007ae   Section        0  camera.o(i.CAMERA_Read_Reg)
    i.CAMERA_Start                           0x000007ee   Section        0  camera.o(i.CAMERA_Start)
    i.CAMERA_Stop                            0x0000080e   Section        0  camera.o(i.CAMERA_Stop)
    i.CAMERA_Write_Byte                      0x00000830   Section        0  camera.o(i.CAMERA_Write_Byte)
    i.Clr_CAMERA_PWDN                        0x0000088c   Section        0  camera.o(i.Clr_CAMERA_PWDN)
    i.Clr_CAMERA_SCL                         0x00000898   Section        0  camera.o(i.Clr_CAMERA_SCL)
    i.Clr_CAMERA_SDA                         0x000008a4   Section        0  camera.o(i.Clr_CAMERA_SDA)
    i.DMA                                    0x000008b0   Section        0  dma.o(i.DMA)
    i.DebugMonHandler                        0x000008c4   Section        0  handler.o(i.DebugMonHandler)
    i.Delay                                  0x000008c6   Section        0  systick.o(i.Delay)
    i.HardFaultHandler                       0x000008e6   Section        0  handler.o(i.HardFaultHandler)
    i.IMAGE_ClrRGBAValue                     0x000008e8   Section        0  camera.o(i.IMAGE_ClrRGBAValue)
    i.Key0Handler                            0x00000974   Section        0  keyboard.o(i.Key0Handler)
    i.Key1Handler                            0x00000980   Section        0  keyboard.o(i.Key1Handler)
    i.Key2Handler                            0x0000098c   Section        0  keyboard.o(i.Key2Handler)
    i.Key3Handler                            0x00000998   Section        0  keyboard.o(i.Key3Handler)
    i.Key_Init                               0x000009a4   Section        0  keyboard.o(i.Key_Init)
    i.LCD_DMA                                0x000009c8   Section        0  lcd.o(i.LCD_DMA)
    i.LCD_Display                            0x000009ec   Section        0  lcd.o(i.LCD_Display)
    i.LCD_Draw_FaceBox                       0x00000a10   Section        0  lcd.o(i.LCD_Draw_FaceBox)
    i.LCD_Draw_Window                        0x00000aa0   Section        0  lcd.o(i.LCD_Draw_Window)
    i.LCD_Fast_DrawPoint                     0x00000b14   Section        0  lcd.o(i.LCD_Fast_DrawPoint)
    i.LCD_Init                               0x00000b68   Section        0  lcd.o(i.LCD_Init)
    i.LCD_PrepareDMA                         0x00000de4   Section        0  lcd.o(i.LCD_PrepareDMA)
    i.LCD_QuitDMA                            0x00000e40   Section        0  lcd.o(i.LCD_QuitDMA)
    i.LCD_RD_DATA                            0x00000e50   Section        0  lcd.o(i.LCD_RD_DATA)
    i.LCD_ReadReg                            0x00000e7c   Section        0  lcd.o(i.LCD_ReadReg)
    i.LCD_Scan_Dir                           0x00000e92   Section        0  lcd.o(i.LCD_Scan_Dir)
    i.LCD_Thick_Window                       0x00000f26   Section        0  lcd.o(i.LCD_Thick_Window)
    i.LCD_WR_DATA                            0x00000f74   Section        0  lcd.o(i.LCD_WR_DATA)
    i.LCD_WR_REG                             0x00000fa8   Section        0  lcd.o(i.LCD_WR_REG)
    i.LED_LightUp                            0x00000fdc   Section        0  gpio.o(i.LED_LightUp)
    i.LED_ShutDown                           0x00000ffc   Section        0  gpio.o(i.LED_ShutDown)
    i.MakeData                               0x0000101c   Section        0  lcd.o(i.MakeData)
    i.MemManageHandler                       0x00001084   Section        0  handler.o(i.MemManageHandler)
    i.NMIHandler                             0x00001086   Section        0  handler.o(i.NMIHandler)
    i.NVIC_EnableIRQ                         0x00001088   Section        0  system_init.o(i.NVIC_EnableIRQ)
    NVIC_EnableIRQ                           0x00001089   Thumb Code    22  system_init.o(i.NVIC_EnableIRQ)
    i.PendSVHandler                          0x0000109e   Section        0  handler.o(i.PendSVHandler)
    i.ReadData                               0x000010a0   Section        0  lcd.o(i.ReadData)
    i.Read_CAMERA_SDA                        0x000010c4   Section        0  camera.o(i.Read_CAMERA_SDA)
    i.Read_GPIO_Output                       0x000010d0   Section        0  gpio.o(i.Read_GPIO_Output)
    i.ResizerDoneHandler                     0x000010dc   Section        0  resizer.o(i.ResizerDoneHandler)
    i.Resizer_Start                          0x000010e4   Section        0  resizer.o(i.Resizer_Start)
    i.SVCHandler                             0x000010f0   Section        0  handler.o(i.SVCHandler)
    i.Set_CAMERA_RST                         0x000010f4   Section        0  camera.o(i.Set_CAMERA_RST)
    i.Set_CAMERA_SCL                         0x00001100   Section        0  camera.o(i.Set_CAMERA_SCL)
    i.Set_CAMERA_SDA                         0x0000110c   Section        0  camera.o(i.Set_CAMERA_SDA)
    i.Set_CAMERA_SDA_R                       0x00001118   Section        0  camera.o(i.Set_CAMERA_SDA_R)
    i.Set_CAMERA_SDA_W                       0x00001124   Section        0  camera.o(i.Set_CAMERA_SDA_W)
    i.Set_GPIO_Dir                           0x00001130   Section        0  gpio.o(i.Set_GPIO_Dir)
    i.Set_GPIO_Value                         0x0000113c   Section        0  gpio.o(i.Set_GPIO_Value)
    i.Set_SysTick_CTRL                       0x00001148   Section        0  systick.o(i.Set_SysTick_CTRL)
    i.Set_SysTick_LOAD                       0x00001150   Section        0  systick.o(i.Set_SysTick_LOAD)
    i.Set_SysTick_VALUE                      0x00001158   Section        0  systick.o(i.Set_SysTick_VALUE)
    i.SysTickHandler                         0x00001160   Section        0  systick.o(i.SysTickHandler)
    i.SystemCoreClockUpdate                  0x0000117c   Section        0  system_init.o(i.SystemCoreClockUpdate)
    i.SystemInit                             0x0000118c   Section        0  system_init.o(i.SystemInit)
    i.UARTOVRHandler                         0x00001248   Section        0  uart.o(i.UARTOVRHandler)
    i.UARTRXHandler                          0x0000124a   Section        0  uart.o(i.UARTRXHandler)
    i.UARTTXHandler                          0x0000124c   Section        0  uart.o(i.UARTTXHandler)
    i.UsageFaultHandler                      0x0000124e   Section        0  handler.o(i.UsageFaultHandler)
    i.__scatterload_copy                     0x00001250   Section       14  handlers.o(i.__scatterload_copy)
    i.__scatterload_null                     0x0000125e   Section        2  handlers.o(i.__scatterload_null)
    i.__scatterload_zeroinit                 0x00001260   Section       14  handlers.o(i.__scatterload_zeroinit)
    i.main                                   0x00001270   Section        0  main.o(i.main)
    i.uart_Init                              0x00001338   Section        0  uart.o(i.uart_Init)
    i.uart_ReceiveChar                       0x00001390   Section        0  uart.o(i.uart_ReceiveChar)
    .constdata                               0x000013a4   Section     1276  acc.o(.constdata)
    .constdata                               0x000018a0   Section     4769  camera.o(.constdata)
    .data                                    0x20000000   Section        3  acc.o(.data)
    .data                                    0x20000003   Section        4  keyboard.o(.data)
    .data                                    0x20000008   Section        4  system_init.o(.data)
    STACK                                    0x20000010   Section    32768  startup_cm3ds.o(STACK)

    Global Symbols

    Symbol Name                              Value     Ov Type        Size  Object(Section)

    BuildAttributes$$THM_ISAv4$P$D$K$B$S$PE$A:L22UL41UL21$X:L11$S22US41US21$IEEE1$IW$USESV6$~STKCKD$USESV7$~SHL$OTIME$ROPI$IEEEJ$EBA8$MICROLIB$REQ8$PRES8$EABIv2 0x00000000   Number         0  anon$$obj.o ABSOLUTE
    __ARM_use_no_argv                        0x00000000   Number         0  main.o ABSOLUTE
    __Vectors                                0x00000000   Data           4  startup_cm3ds.o(RESET)
    __cpp_initialize__aeabi_                  - Undefined Weak Reference
    __cxa_finalize                            - Undefined Weak Reference
    __decompress                              - Undefined Weak Reference
    _clock_init                               - Undefined Weak Reference
    _microlib_exit                            - Undefined Weak Reference
    __Vectors_End                            0x00000070   Data           0  startup_cm3ds.o(RESET)
    __Vectors_Size                           0x00000070   Number         0  startup_cm3ds.o ABSOLUTE
    __main                                   0x00000071   Thumb Code     0  entry.o(.ARM.Collect$$$$00000000)
    _main_stk                                0x00000071   Thumb Code     0  entry2.o(.ARM.Collect$$$$00000001)
    _main_scatterload                        0x00000075   Thumb Code     0  entry5.o(.ARM.Collect$$$$00000004)
    __main_after_scatterload                 0x00000079   Thumb Code     0  entry5.o(.ARM.Collect$$$$00000004)
    _main_clock                              0x00000079   Thumb Code     0  entry7b.o(.ARM.Collect$$$$00000008)
    _main_cpp_init                           0x00000079   Thumb Code     0  entry8b.o(.ARM.Collect$$$$0000000A)
    _main_init                               0x00000079   Thumb Code     0  entry9a.o(.ARM.Collect$$$$0000000B)
    __rt_final_cpp                           0x00000081   Thumb Code     0  entry10a.o(.ARM.Collect$$$$0000000D)
    __rt_final_exit                          0x00000081   Thumb Code     0  entry11a.o(.ARM.Collect$$$$0000000F)
    Reset_Handler                            0x00000085   Thumb Code     8  startup_cm3ds.o(.text)
    NMI_Handler                              0x0000008d   Thumb Code     8  startup_cm3ds.o(.text)
    HardFault_Handler                        0x00000095   Thumb Code     8  startup_cm3ds.o(.text)
    MemManage_Handler                        0x0000009d   Thumb Code     8  startup_cm3ds.o(.text)
    BusFault_Handler                         0x000000a5   Thumb Code     8  startup_cm3ds.o(.text)
    UsageFault_Handler                       0x000000ad   Thumb Code     8  startup_cm3ds.o(.text)
    SVC_Handler                              0x000000b5   Thumb Code     8  startup_cm3ds.o(.text)
    DebugMon_Handler                         0x000000bd   Thumb Code     8  startup_cm3ds.o(.text)
    PendSV_Handler                           0x000000c5   Thumb Code     8  startup_cm3ds.o(.text)
    SysTick_Handler                          0x000000cd   Thumb Code     8  startup_cm3ds.o(.text)
    UARTRX_Handler                           0x000000d5   Thumb Code     8  startup_cm3ds.o(.text)
    UARTTX_Handler                           0x000000dd   Thumb Code     8  startup_cm3ds.o(.text)
    UARTOVR_Handler                          0x000000e5   Thumb Code     8  startup_cm3ds.o(.text)
    ACCConvDone_Handler                      0x000000ed   Thumb Code     8  startup_cm3ds.o(.text)
    ACCNoFace_Handler                        0x000000f5   Thumb Code     8  startup_cm3ds.o(.text)
    ACCReadResults_Handler                   0x000000fd   Thumb Code     8  startup_cm3ds.o(.text)
    DMAWakeup_Handler                        0x00000105   Thumb Code     2  startup_cm3ds.o(.text)
    KEY0_Handler                             0x00000107   Thumb Code     8  startup_cm3ds.o(.text)
    KEY1_Handler                             0x0000010f   Thumb Code     8  startup_cm3ds.o(.text)
    KEY2_Handler                             0x00000117   Thumb Code     8  startup_cm3ds.o(.text)
    KEY3_Handler                             0x0000011f   Thumb Code     8  startup_cm3ds.o(.text)
    RESIZERDone_Handler                      0x00000127   Thumb Code     8  startup_cm3ds.o(.text)
    __aeabi_memcpy                           0x00000139   Thumb Code    36  memcpya.o(.text)
    __aeabi_memcpy4                          0x00000139   Thumb Code     0  memcpya.o(.text)
    __aeabi_memcpy8                          0x00000139   Thumb Code     0  memcpya.o(.text)
    __scatterload                            0x0000015d   Thumb Code    28  init.o(.text)
    __scatterload_rt2                        0x0000015d   Thumb Code     0  init.o(.text)
    ACCConvDoneHandler                       0x00000181   Thumb Code    84  acc.o(i.ACCConvDoneHandler)
    ACCNoFaceHandler                         0x000001dd   Thumb Code     8  acc.o(i.ACCNoFaceHandler)
    ACCReadResultsHandler                    0x000001e9   Thumb Code     8  acc.o(i.ACCReadResultsHandler)
    ACC_ClrCtrl                              0x000001f5   Thumb Code     8  acc.o(i.ACC_ClrCtrl)
    ACC_ConvEnable                           0x00000201   Thumb Code     8  acc.o(i.ACC_ConvEnable)
    ACC_GetImage                             0x0000020d   Thumb Code   140  acc.o(i.ACC_GetImage)
    ACC_GetIsvalid                           0x0000029d   Thumb Code    22  acc.o(i.ACC_GetIsvalid)
    ACC_GetWeight                            0x000002b9   Thumb Code   112  acc.o(i.ACC_GetWeight)
    ACC_ImageInit                            0x00000331   Thumb Code    16  acc.o(i.ACC_ImageInit)
    ACC_NmsEnable                            0x00000341   Thumb Code     8  acc.o(i.ACC_NmsEnable)
    ACC_ReadResults                          0x0000034d   Thumb Code   114  acc.o(i.ACC_ReadResults)
    ACC_RegCfg                               0x000003c5   Thumb Code    32  acc.o(i.ACC_RegCfg)
    ACC_RegInit                              0x000003e9   Thumb Code    20  acc.o(i.ACC_RegInit)
    ACC_Start                                0x00000405   Thumb Code     8  acc.o(i.ACC_Start)
    BusFaultHandler                          0x0000040d   Thumb Code     2  handler.o(i.BusFaultHandler)
    CAMERA_Command                           0x0000040f   Thumb Code    42  camera.o(i.CAMERA_Command)
    CAMERA_Init                              0x00000439   Thumb Code   764  camera.o(i.CAMERA_Init)
    CAMERA_NA                                0x00000745   Thumb Code    44  camera.o(i.CAMERA_NA)
    CAMERA_Read_Byte                         0x00000771   Thumb Code    62  camera.o(i.CAMERA_Read_Byte)
    CAMERA_Read_Reg                          0x000007af   Thumb Code    64  camera.o(i.CAMERA_Read_Reg)
    CAMERA_Start                             0x000007ef   Thumb Code    32  camera.o(i.CAMERA_Start)
    CAMERA_Stop                              0x0000080f   Thumb Code    34  camera.o(i.CAMERA_Stop)
    CAMERA_Write_Byte                        0x00000831   Thumb Code    92  camera.o(i.CAMERA_Write_Byte)
    Clr_CAMERA_PWDN                          0x0000088d   Thumb Code     8  camera.o(i.Clr_CAMERA_PWDN)
    Clr_CAMERA_SCL                           0x00000899   Thumb Code     8  camera.o(i.Clr_CAMERA_SCL)
    Clr_CAMERA_SDA                           0x000008a5   Thumb Code     8  camera.o(i.Clr_CAMERA_SDA)
    DMA                                      0x000008b1   Thumb Code    16  dma.o(i.DMA)
    DebugMonHandler                          0x000008c5   Thumb Code     2  handler.o(i.DebugMonHandler)
    Delay                                    0x000008c7   Thumb Code    32  systick.o(i.Delay)
    HardFaultHandler                         0x000008e7   Thumb Code     2  handler.o(i.HardFaultHandler)
    IMAGE_ClrRGBAValue                       0x000008e9   Thumb Code   118  camera.o(i.IMAGE_ClrRGBAValue)
    Key0Handler                              0x00000975   Thumb Code     8  keyboard.o(i.Key0Handler)
    Key1Handler                              0x00000981   Thumb Code     8  keyboard.o(i.Key1Handler)
    Key2Handler                              0x0000098d   Thumb Code     8  keyboard.o(i.Key2Handler)
    Key3Handler                              0x00000999   Thumb Code     8  keyboard.o(i.Key3Handler)
    Key_Init                                 0x000009a5   Thumb Code    20  keyboard.o(i.Key_Init)
    LCD_DMA                                  0x000009c9   Thumb Code    32  lcd.o(i.LCD_DMA)
    LCD_Display                              0x000009ed   Thumb Code    30  lcd.o(i.LCD_Display)
    LCD_Draw_FaceBox                         0x00000a11   Thumb Code   144  lcd.o(i.LCD_Draw_FaceBox)
    LCD_Draw_Window                          0x00000aa1   Thumb Code   116  lcd.o(i.LCD_Draw_Window)
    LCD_Fast_DrawPoint                       0x00000b15   Thumb Code    78  lcd.o(i.LCD_Fast_DrawPoint)
    LCD_Init                                 0x00000b69   Thumb Code   618  lcd.o(i.LCD_Init)
    LCD_PrepareDMA                           0x00000de5   Thumb Code    86  lcd.o(i.LCD_PrepareDMA)
    LCD_QuitDMA                              0x00000e41   Thumb Code    12  lcd.o(i.LCD_QuitDMA)
    LCD_RD_DATA                              0x00000e51   Thumb Code    38  lcd.o(i.LCD_RD_DATA)
    LCD_ReadReg                              0x00000e7d   Thumb Code    22  lcd.o(i.LCD_ReadReg)
    LCD_Scan_Dir                             0x00000e93   Thumb Code   148  lcd.o(i.LCD_Scan_Dir)
    LCD_Thick_Window                         0x00000f27   Thumb Code    76  lcd.o(i.LCD_Thick_Window)
    LCD_WR_DATA                              0x00000f75   Thumb Code    48  lcd.o(i.LCD_WR_DATA)
    LCD_WR_REG                               0x00000fa9   Thumb Code    46  lcd.o(i.LCD_WR_REG)
    LED_LightUp                              0x00000fdd   Thumb Code    32  gpio.o(i.LED_LightUp)
    LED_ShutDown                             0x00000ffd   Thumb Code    32  gpio.o(i.LED_ShutDown)
    MakeData                                 0x0000101d   Thumb Code   100  lcd.o(i.MakeData)
    MemManageHandler                         0x00001085   Thumb Code     2  handler.o(i.MemManageHandler)
    NMIHandler                               0x00001087   Thumb Code     2  handler.o(i.NMIHandler)
    PendSVHandler                            0x0000109f   Thumb Code     2  handler.o(i.PendSVHandler)
    ReadData                                 0x000010a1   Thumb Code    32  lcd.o(i.ReadData)
    Read_CAMERA_SDA                          0x000010c5   Thumb Code     6  camera.o(i.Read_CAMERA_SDA)
    Read_GPIO_Output                         0x000010d1   Thumb Code     8  gpio.o(i.Read_GPIO_Output)
    ResizerDoneHandler                       0x000010dd   Thumb Code     8  resizer.o(i.ResizerDoneHandler)
    Resizer_Start                            0x000010e5   Thumb Code     8  resizer.o(i.Resizer_Start)
    SVCHandler                               0x000010f1   Thumb Code     2  handler.o(i.SVCHandler)
    Set_CAMERA_RST                           0x000010f5   Thumb Code     8  camera.o(i.Set_CAMERA_RST)
    Set_CAMERA_SCL                           0x00001101   Thumb Code     8  camera.o(i.Set_CAMERA_SCL)
    Set_CAMERA_SDA                           0x0000110d   Thumb Code     8  camera.o(i.Set_CAMERA_SDA)
    Set_CAMERA_SDA_R                         0x00001119   Thumb Code     8  camera.o(i.Set_CAMERA_SDA_R)
    Set_CAMERA_SDA_W                         0x00001125   Thumb Code     8  camera.o(i.Set_CAMERA_SDA_W)
    Set_GPIO_Dir                             0x00001131   Thumb Code     6  gpio.o(i.Set_GPIO_Dir)
    Set_GPIO_Value                           0x0000113d   Thumb Code     6  gpio.o(i.Set_GPIO_Value)
    Set_SysTick_CTRL                         0x00001149   Thumb Code     8  systick.o(i.Set_SysTick_CTRL)
    Set_SysTick_LOAD                         0x00001151   Thumb Code     8  systick.o(i.Set_SysTick_LOAD)
    Set_SysTick_VALUE                        0x00001159   Thumb Code     8  systick.o(i.Set_SysTick_VALUE)
    SysTickHandler                           0x00001161   Thumb Code    22  systick.o(i.SysTickHandler)
    SystemCoreClockUpdate                    0x0000117d   Thumb Code     8  system_init.o(i.SystemCoreClockUpdate)
    SystemInit                               0x0000118d   Thumb Code   182  system_init.o(i.SystemInit)
    UARTOVRHandler                           0x00001249   Thumb Code     2  uart.o(i.UARTOVRHandler)
    UARTRXHandler                            0x0000124b   Thumb Code     2  uart.o(i.UARTRXHandler)
    UARTTXHandler                            0x0000124d   Thumb Code     2  uart.o(i.UARTTXHandler)
    UsageFaultHandler                        0x0000124f   Thumb Code     2  handler.o(i.UsageFaultHandler)
    __scatterload_copy                       0x00001251   Thumb Code    14  handlers.o(i.__scatterload_copy)
    __scatterload_null                       0x0000125f   Thumb Code     2  handlers.o(i.__scatterload_null)
    __scatterload_zeroinit                   0x00001261   Thumb Code    14  handlers.o(i.__scatterload_zeroinit)
    main                                     0x00001271   Thumb Code   174  main.o(i.main)
    uart_Init                                0x00001339   Thumb Code    88  uart.o(i.uart_Init)
    uart_ReceiveChar                         0x00001391   Thumb Code    20  uart.o(i.uart_ReceiveChar)
    acc_data_reg                             0x000013a4   Data        1276  acc.o(.constdata)
    camera_initial_reg                       0x000018a0   Data         789  camera.o(.constdata)
    OV5640_AF_FW                             0x00001bb5   Data        3933  camera.o(.constdata)
    OV5640_LIGHTMODE_TBL                     0x00002b12   Data           7  camera.o(.constdata)
    OV5640_SATURATION_TBL                    0x00002b19   Data           6  camera.o(.constdata)
    RGB565_QVGA                              0x00002b1f   Data          34  camera.o(.constdata)
    Region$$Table$$Base                      0x00002b44   Number         0  anon$$obj.o(Region$$Table)
    Region$$Table$$Limit                     0x00002b64   Number         0  anon$$obj.o(Region$$Table)
    layer_cnt                                0x20000000   Data           1  acc.o(.data)
    accdone_flag                             0x20000001   Data           1  acc.o(.data)
    noface                                   0x20000002   Data           1  acc.o(.data)
    key3_flag                                0x20000003   Data           1  keyboard.o(.data)
    key2_flag                                0x20000004   Data           1  keyboard.o(.data)
    key1_flag                                0x20000005   Data           1  keyboard.o(.data)
    key0_flag                                0x20000006   Data           1  keyboard.o(.data)
    SystemCoreClock                          0x20000008   Data           4  system_init.o(.data)
    __initial_sp                             0x20008010   Data           0  startup_cm3ds.o(STACK)



==============================================================================

Memory Map of the image

  Image Entry point : 0x00000071

  Load Region LR_IROM1 (Base: 0x00000000, Size: 0x00002b70, Max: 0x00010000, ABSOLUTE)

    Execution Region ER_IROM1 (Exec base: 0x00000000, Load base: 0x00000000, Size: 0x00002b64, Max: 0x00010000, ABSOLUTE)

    Exec Addr    Load Addr    Size         Type   Attr      Idx    E Section Name        Object

    0x00000000   0x00000000   0x00000070   Data   RO          789    RESET               startup_cm3ds.o
    0x00000070   0x00000070   0x00000000   Code   RO         1070  * .ARM.Collect$$$$00000000  mc_w.l(entry.o)
    0x00000070   0x00000070   0x00000004   Code   RO         1095    .ARM.Collect$$$$00000001  mc_w.l(entry2.o)
    0x00000074   0x00000074   0x00000004   Code   RO         1098    .ARM.Collect$$$$00000004  mc_w.l(entry5.o)
    0x00000078   0x00000078   0x00000000   Code   RO         1100    .ARM.Collect$$$$00000008  mc_w.l(entry7b.o)
    0x00000078   0x00000078   0x00000000   Code   RO         1102    .ARM.Collect$$$$0000000A  mc_w.l(entry8b.o)
    0x00000078   0x00000078   0x00000008   Code   RO         1103    .ARM.Collect$$$$0000000B  mc_w.l(entry9a.o)
    0x00000080   0x00000080   0x00000000   Code   RO         1105    .ARM.Collect$$$$0000000D  mc_w.l(entry10a.o)
    0x00000080   0x00000080   0x00000000   Code   RO         1107    .ARM.Collect$$$$0000000F  mc_w.l(entry11a.o)
    0x00000080   0x00000080   0x00000004   Code   RO         1096    .ARM.Collect$$$$00002712  mc_w.l(entry2.o)
    0x00000084   0x00000084   0x000000b4   Code   RO          790    .text               startup_cm3ds.o
    0x00000138   0x00000138   0x00000024   Code   RO         1073    .text               mc_w.l(memcpya.o)
    0x0000015c   0x0000015c   0x00000024   Code   RO         1122    .text               mc_w.l(init.o)
    0x00000180   0x00000180   0x0000005c   Code   RO            3    i.ACCConvDoneHandler  acc.o
    0x000001dc   0x000001dc   0x0000000c   Code   RO            4    i.ACCNoFaceHandler  acc.o
    0x000001e8   0x000001e8   0x0000000c   Code   RO            5    i.ACCReadResultsHandler  acc.o
    0x000001f4   0x000001f4   0x0000000c   Code   RO            6    i.ACC_ClrCtrl       acc.o
    0x00000200   0x00000200   0x0000000c   Code   RO            7    i.ACC_ConvEnable    acc.o
    0x0000020c   0x0000020c   0x00000090   Code   RO            9    i.ACC_GetImage      acc.o
    0x0000029c   0x0000029c   0x0000001c   Code   RO           10    i.ACC_GetIsvalid    acc.o
    0x000002b8   0x000002b8   0x00000078   Code   RO           11    i.ACC_GetWeight     acc.o
    0x00000330   0x00000330   0x00000010   Code   RO           12    i.ACC_ImageInit     acc.o
    0x00000340   0x00000340   0x0000000c   Code   RO           14    i.ACC_NmsEnable     acc.o
    0x0000034c   0x0000034c   0x00000078   Code   RO           16    i.ACC_ReadResults   acc.o
    0x000003c4   0x000003c4   0x00000024   Code   RO           17    i.ACC_RegCfg        acc.o
    0x000003e8   0x000003e8   0x0000001c   Code   RO           18    i.ACC_RegInit       acc.o
    0x00000404   0x00000404   0x00000008   Code   RO           19    i.ACC_Start         acc.o
    0x0000040c   0x0000040c   0x00000002   Code   RO          452    i.BusFaultHandler   handler.o
    0x0000040e   0x0000040e   0x0000002a   Code   RO          146    i.CAMERA_Command    camera.o
    0x00000438   0x00000438   0x0000030c   Code   RO          148    i.CAMERA_Init       camera.o
    0x00000744   0x00000744   0x0000002c   Code   RO          150    i.CAMERA_NA         camera.o
    0x00000770   0x00000770   0x0000003e   Code   RO          151    i.CAMERA_Read_Byte  camera.o
    0x000007ae   0x000007ae   0x00000040   Code   RO          152    i.CAMERA_Read_Reg   camera.o
    0x000007ee   0x000007ee   0x00000020   Code   RO          153    i.CAMERA_Start      camera.o
    0x0000080e   0x0000080e   0x00000022   Code   RO          154    i.CAMERA_Stop       camera.o
    0x00000830   0x00000830   0x0000005c   Code   RO          156    i.CAMERA_Write_Byte  camera.o
    0x0000088c   0x0000088c   0x0000000c   Code   RO          157    i.Clr_CAMERA_PWDN   camera.o
    0x00000898   0x00000898   0x0000000c   Code   RO          159    i.Clr_CAMERA_SCL    camera.o
    0x000008a4   0x000008a4   0x0000000c   Code   RO          160    i.Clr_CAMERA_SDA    camera.o
    0x000008b0   0x000008b0   0x00000014   Code   RO          364    i.DMA               dma.o
    0x000008c4   0x000008c4   0x00000002   Code   RO          453    i.DebugMonHandler   handler.o
    0x000008c6   0x000008c6   0x00000020   Code   RO          838    i.Delay             systick.o
    0x000008e6   0x000008e6   0x00000002   Code   RO          454    i.HardFaultHandler  handler.o
    0x000008e8   0x000008e8   0x0000008c   Code   RO          161    i.IMAGE_ClrRGBAValue  camera.o
    0x00000974   0x00000974   0x0000000c   Code   RO          514    i.Key0Handler       keyboard.o
    0x00000980   0x00000980   0x0000000c   Code   RO          515    i.Key1Handler       keyboard.o
    0x0000098c   0x0000098c   0x0000000c   Code   RO          516    i.Key2Handler       keyboard.o
    0x00000998   0x00000998   0x0000000c   Code   RO          517    i.Key3Handler       keyboard.o
    0x000009a4   0x000009a4   0x00000024   Code   RO          518    i.Key_Init          keyboard.o
    0x000009c8   0x000009c8   0x00000024   Code   RO          569    i.LCD_DMA           lcd.o
    0x000009ec   0x000009ec   0x00000024   Code   RO          570    i.LCD_Display       lcd.o
    0x00000a10   0x00000a10   0x00000090   Code   RO          571    i.LCD_Draw_FaceBox  lcd.o
    0x00000aa0   0x00000aa0   0x00000074   Code   RO          572    i.LCD_Draw_Window   lcd.o
    0x00000b14   0x00000b14   0x00000054   Code   RO          573    i.LCD_Fast_DrawPoint  lcd.o
    0x00000b68   0x00000b68   0x0000027c   Code   RO          575    i.LCD_Init          lcd.o
    0x00000de4   0x00000de4   0x0000005c   Code   RO          576    i.LCD_PrepareDMA    lcd.o
    0x00000e40   0x00000e40   0x00000010   Code   RO          577    i.LCD_QuitDMA       lcd.o
    0x00000e50   0x00000e50   0x0000002c   Code   RO          578    i.LCD_RD_DATA       lcd.o
    0x00000e7c   0x00000e7c   0x00000016   Code   RO          579    i.LCD_ReadReg       lcd.o
    0x00000e92   0x00000e92   0x00000094   Code   RO          580    i.LCD_Scan_Dir      lcd.o
    0x00000f26   0x00000f26   0x0000004c   Code   RO          582    i.LCD_Thick_Window  lcd.o
    0x00000f72   0x00000f72   0x00000002   PAD
    0x00000f74   0x00000f74   0x00000034   Code   RO          583    i.LCD_WR_DATA       lcd.o
    0x00000fa8   0x00000fa8   0x00000034   Code   RO          584    i.LCD_WR_REG        lcd.o
    0x00000fdc   0x00000fdc   0x00000020   Code   RO          390    i.LED_LightUp       gpio.o
    0x00000ffc   0x00000ffc   0x00000020   Code   RO          391    i.LED_ShutDown      gpio.o
    0x0000101c   0x0000101c   0x00000068   Code   RO          585    i.MakeData          lcd.o
    0x00001084   0x00001084   0x00000002   Code   RO          455    i.MemManageHandler  handler.o
    0x00001086   0x00001086   0x00000002   Code   RO          456    i.NMIHandler        handler.o
    0x00001088   0x00001088   0x00000016   Code   RO          796    i.NVIC_EnableIRQ    system_init.o
    0x0000109e   0x0000109e   0x00000002   Code   RO          457    i.PendSVHandler     handler.o
    0x000010a0   0x000010a0   0x00000024   Code   RO          586    i.ReadData          lcd.o
    0x000010c4   0x000010c4   0x0000000c   Code   RO          169    i.Read_CAMERA_SDA   camera.o
    0x000010d0   0x000010d0   0x0000000c   Code   RO          394    i.Read_GPIO_Output  gpio.o
    0x000010dc   0x000010dc   0x00000008   Code   RO          711    i.ResizerDoneHandler  resizer.o
    0x000010e4   0x000010e4   0x0000000c   Code   RO          712    i.Resizer_Start     resizer.o
    0x000010f0   0x000010f0   0x00000002   Code   RO          458    i.SVCHandler        handler.o
    0x000010f2   0x000010f2   0x00000002   PAD
    0x000010f4   0x000010f4   0x0000000c   Code   RO          172    i.Set_CAMERA_RST    camera.o
    0x00001100   0x00001100   0x0000000c   Code   RO          173    i.Set_CAMERA_SCL    camera.o
    0x0000110c   0x0000110c   0x0000000c   Code   RO          174    i.Set_CAMERA_SDA    camera.o
    0x00001118   0x00001118   0x0000000c   Code   RO          175    i.Set_CAMERA_SDA_R  camera.o
    0x00001124   0x00001124   0x0000000c   Code   RO          176    i.Set_CAMERA_SDA_W  camera.o
    0x00001130   0x00001130   0x0000000c   Code   RO          396    i.Set_GPIO_Dir      gpio.o
    0x0000113c   0x0000113c   0x0000000c   Code   RO          397    i.Set_GPIO_Value    gpio.o
    0x00001148   0x00001148   0x00000008   Code   RO          840    i.Set_SysTick_CTRL  systick.o
    0x00001150   0x00001150   0x00000008   Code   RO          841    i.Set_SysTick_LOAD  systick.o
    0x00001158   0x00001158   0x00000008   Code   RO          842    i.Set_SysTick_VALUE  systick.o
    0x00001160   0x00001160   0x0000001c   Code   RO          843    i.SysTickHandler    systick.o
    0x0000117c   0x0000117c   0x00000010   Code   RO          797    i.SystemCoreClockUpdate  system_init.o
    0x0000118c   0x0000118c   0x000000bc   Code   RO          798    i.SystemInit        system_init.o
    0x00001248   0x00001248   0x00000002   Code   RO          958    i.UARTOVRHandler    uart.o
    0x0000124a   0x0000124a   0x00000002   Code   RO          959    i.UARTRXHandler     uart.o
    0x0000124c   0x0000124c   0x00000002   Code   RO          960    i.UARTTXHandler     uart.o
    0x0000124e   0x0000124e   0x00000002   Code   RO          459    i.UsageFaultHandler  handler.o
    0x00001250   0x00001250   0x0000000e   Code   RO         1126    i.__scatterload_copy  mc_w.l(handlers.o)
    0x0000125e   0x0000125e   0x00000002   Code   RO         1127    i.__scatterload_null  mc_w.l(handlers.o)
    0x00001260   0x00001260   0x0000000e   Code   RO         1128    i.__scatterload_zeroinit  mc_w.l(handlers.o)
    0x0000126e   0x0000126e   0x00000002   PAD
    0x00001270   0x00001270   0x000000c8   Code   RO          691    i.main              main.o
    0x00001338   0x00001338   0x00000058   Code   RO          970    i.uart_Init         uart.o
    0x00001390   0x00001390   0x00000014   Code   RO          971    i.uart_ReceiveChar  uart.o
    0x000013a4   0x000013a4   0x000004fc   Data   RO           20    .constdata          acc.o
    0x000018a0   0x000018a0   0x000012a1   Data   RO          177    .constdata          camera.o
    0x00002b41   0x00002b41   0x00000003   PAD
    0x00002b44   0x00002b44   0x00000020   Data   RO         1124    Region$$Table       anon$$obj.o


    Execution Region RW_IRAM1 (Exec base: 0x20000000, Load base: 0x00002b64, Size: 0x00008010, Max: 0x00010000, ABSOLUTE)

    Exec Addr    Load Addr    Size         Type   Attr      Idx    E Section Name        Object

    0x20000000   0x00002b64   0x00000003   Data   RW           21    .data               acc.o
    0x20000003   0x00002b67   0x00000004   Data   RW          519    .data               keyboard.o
    0x20000007   0x00002b6b   0x00000001   PAD
    0x20000008   0x00002b6c   0x00000004   Data   RW          799    .data               system_init.o
    0x2000000c   0x00002b70   0x00000004   PAD
    0x20000010        -       0x00008000   Zero   RW          787    STACK               startup_cm3ds.o


==============================================================================

Image component sizes


      Code (inc. data)   RO Data    RW Data    ZI Data      Debug   Object Name

       652         64       1276          3          0      17951   acc.o
      1398         76       4769          0          0      15826   camera.o
        20          4          0          0          0        554   dma.o
       100         16          0          0          0       2388   gpio.o
        16          0          0          0          0       3348   handler.o
        84         32          0          4          0       2441   keyboard.o
      1694         76          0          0          0       9295   lcd.o
       200         26          0          0          0        587   main.o
        20          4          0          0          0        877   resizer.o
       180         10        112          0      32768       1328   startup_cm3ds.o
       226         14          0          4          0      31058   system_init.o
        84          6          0          0          0       2343   systick.o
       114          0          0          0          0       3172   uart.o

    ----------------------------------------------------------------------
      4792        328       6192         12      32772      91168   Object Totals
         0          0         32          0          0          0   (incl. Generated)
         4          0          3          1          4          0   (incl. Padding)

    ----------------------------------------------------------------------

      Code (inc. data)   RO Data    RW Data    ZI Data      Debug   Library Member Name

         0          0          0          0          0          0   entry.o
         0          0          0          0          0          0   entry10a.o
         0          0          0          0          0          0   entry11a.o
         8          4          0          0          0          0   entry2.o
         4          0          0          0          0          0   entry5.o
         0          0          0          0          0          0   entry7b.o
         0          0          0          0          0          0   entry8b.o
         8          4          0          0          0          0   entry9a.o
        30          0          0          0          0          0   handlers.o
        36          8          0          0          0         68   init.o
        36          0          0          0          0         68   memcpya.o

    ----------------------------------------------------------------------
       124         16          0          0          0        136   Library Totals
         2          0          0          0          0          0   (incl. Padding)

    ----------------------------------------------------------------------

      Code (inc. data)   RO Data    RW Data    ZI Data      Debug   Library Name

       122         16          0          0          0        136   mc_w.l

    ----------------------------------------------------------------------
       124         16          0          0          0        136   Library Totals

    ----------------------------------------------------------------------

==============================================================================


      Code (inc. data)   RO Data    RW Data    ZI Data      Debug   

      4916        344       6192         12      32772      87400   Grand Totals
      4916        344       6192         12      32772      87400   ELF Image Totals
      4916        344       6192         12          0          0   ROM Totals

==============================================================================

    Total RO  Size (Code + RO Data)                11108 (  10.85kB)
    Total RW  Size (RW Data + ZI Data)             32784 (  32.02kB)
    Total ROM Size (Code + RO Data + RW Data)      11120 (  10.86kB)

==============================================================================

